============================================================
Overnight runner started at 2026-05-06 10:03:09
reps=10, only=None, datasets=['Facebook', 'CA-HepPh', 'Enron']
============================================================

##### Group 1: Chameleon 主对比 (4 methods × 7 eps × reps) #####
>> Loading Chamelon.txt ...
   nodes=2277, edges=31371
>> Pre-computing reference metrics on Chamelon ...
  [main-Chameleon] 1/280  (skipped) 
  [main-Chameleon] 2/280  (skipped) 
  [main-Chameleon] 3/280  (skipped) 
  [main-Chameleon] 4/280  (skipped) 
  [main-Chameleon] 5/280  (skipped) 
  [main-Chameleon] 6/280  (skipped) 
  [main-Chameleon] 7/280  (skipped) 
  [main-Chameleon] 8/280  (skipped) 
  [main-Chameleon] 9/280  (skipped) 
  [main-Chameleon] 10/280  (skipped) 
  [main-Chameleon] 11/280  (skipped) 
  [main-Chameleon] 12/280  (skipped) 
  [main-Chameleon] 13/280  (skipped) 
  [main-Chameleon] 14/280  (skipped) 
  [main-Chameleon] 15/280  (skipped) 
  [main-Chameleon] 16/280  (skipped) 
  [main-Chameleon] 17/280  (skipped) 
  [main-Chameleon] 18/280  (skipped) 
  [main-Chameleon] 19/280  (skipped) 
  [main-Chameleon] 20/280  (skipped) 
  [main-Chameleon] 21/280  (skipped) 
  [main-Chameleon] 22/280  (skipped) 
  [main-Chameleon] 23/280  (skipped) 
  [main-Chameleon] 24/280  (skipped) 
  [main-Chameleon] 25/280  (skipped) 
  [main-Chameleon] 26/280  (skipped) 
  [main-Chameleon] 27/280  (skipped) 
  [main-Chameleon] 28/280  (skipped) 
  [main-Chameleon] 29/280  (skipped) 
  [main-Chameleon] 30/280  (skipped) 
  [main-Chameleon] 31/280  (skipped) 
  [main-Chameleon] 32/280  (skipped) 
  [main-Chameleon] 33/280  (skipped) 
  [main-Chameleon] 34/280  (skipped) 
  [main-Chameleon] 35/280  (skipped) 
  [main-Chameleon] 36/280  (skipped) 
  [main-Chameleon] 37/280  (skipped) 
  [main-Chameleon] 38/280  (skipped) 
  [main-Chameleon] 39/280  (skipped) 
  [main-Chameleon] 40/280  (skipped) 
  [main-Chameleon] 41/280  (skipped) 
  [main-Chameleon] 42/280  (skipped) 
  [main-Chameleon] 43/280  (skipped) 
  [main-Chameleon] 44/280  (skipped) 
  [main-Chameleon] 45/280  (skipped) 
  [main-Chameleon] 46/280  (skipped) 
  [main-Chameleon] 47/280  (skipped) 
  [main-Chameleon] 48/280  (skipped) 
  [main-Chameleon] 49/280  (skipped) 
  [main-Chameleon] 50/280  (skipped) 
  [main-Chameleon] 51/280  (skipped) 
  [main-Chameleon] 52/280  (skipped) 
  [main-Chameleon] 53/280  (skipped) 
  [main-Chameleon] 54/280  (skipped) 
  [main-Chameleon] 55/280  (skipped) 
  [main-Chameleon] 56/280  (skipped) 
  [main-Chameleon] 57/280  (skipped) 
  [main-Chameleon] 58/280  (skipped) 
  [main-Chameleon] 59/280  (skipped) 
  [main-Chameleon] 60/280  (skipped) 
  [main-Chameleon] 61/280  (skipped) 
  [main-Chameleon] 62/280  (skipped) 
  [main-Chameleon] 63/280  (skipped) 
  [main-Chameleon] 64/280  (skipped) 
  [main-Chameleon] 65/280  (skipped) 
  [main-Chameleon] 66/280  (skipped) 
  [main-Chameleon] 67/280  (skipped) 
  [main-Chameleon] 68/280  (skipped) 
  [main-Chameleon] 69/280  (skipped) 
  [main-Chameleon] 70/280  (skipped) 
  [main-Chameleon] 71/280  (skipped) 
  [main-Chameleon] 72/280  (skipped) 
  [main-Chameleon] 73/280  (skipped) 
  [main-Chameleon] 74/280  (skipped) 
  [main-Chameleon] 75/280  (skipped) 
  [main-Chameleon] 76/280  (skipped) 
  [main-Chameleon] 77/280  (skipped) 
  [main-Chameleon] 78/280  (skipped) 
  [main-Chameleon] 79/280  (skipped) 
  [main-Chameleon] 80/280  (skipped) 
  [main-Chameleon] 81/280  (skipped) 
  [main-Chameleon] 82/280  (skipped) 
  [main-Chameleon] 83/280  (skipped) 
  [main-Chameleon] 84/280  (skipped) 
  [main-Chameleon] 85/280  (skipped) 
  [main-Chameleon] 86/280  (skipped) 
  [main-Chameleon] 87/280  (skipped) 
  [main-Chameleon] 88/280  (skipped) 
  [main-Chameleon] 89/280  (skipped) 
  [main-Chameleon] 90/280  (skipped) 
  [main-Chameleon] 91/280  (skipped) 
  [main-Chameleon] 92/280  (skipped) 
  [main-Chameleon] 93/280  (skipped) 
  [main-Chameleon] 94/280  (skipped) 
  [main-Chameleon] 95/280  (skipped) 
  [main-Chameleon] 96/280  (skipped) 
  [main-Chameleon] 97/280  (skipped) 
  [main-Chameleon] 98/280  (skipped) 
  [main-Chameleon] 99/280  (skipped) 
  [main-Chameleon] 100/280  (skipped) 
  [main-Chameleon] 101/280  (skipped) 
  [main-Chameleon] 102/280  (skipped) 
  [main-Chameleon] 103/280  (skipped) 
  [main-Chameleon] 104/280  (skipped) 
  [main-Chameleon] 105/280  (skipped) 
  [main-Chameleon] 106/280  (skipped) 
  [main-Chameleon] 107/280  (skipped) 
  [main-Chameleon] 108/280  (skipped) 
  [main-Chameleon] 109/280  (skipped) 
  [main-Chameleon] 110/280  (skipped) 
  [main-Chameleon] 111/280  (skipped) 
  [main-Chameleon] 112/280  (skipped) 
  [main-Chameleon] 113/280  (skipped) 
  [main-Chameleon] 114/280  (skipped) 
  [main-Chameleon] 115/280  (skipped) 
  [main-Chameleon] 116/280  (skipped) 
  [main-Chameleon] 117/280  (skipped) 
  [main-Chameleon] 118/280  (skipped) 
  [main-Chameleon] 119/280  (skipped) 
  [main-Chameleon] 120/280  (skipped) 
  [main-Chameleon] 121/280  (skipped) 
  [main-Chameleon] 122/280  (skipped) 
  [main-Chameleon] 123/280  (skipped) 
  [main-Chameleon] 124/280  (skipped) 
  [main-Chameleon] 125/280  (skipped) 
  [main-Chameleon] 126/280  (skipped) 
  [main-Chameleon] 127/280  (skipped) 
  [main-Chameleon] 128/280  (skipped) 
  [main-Chameleon] 129/280  (skipped) 
  [main-Chameleon] 130/280  (skipped) 
  [main-Chameleon] 131/280  (skipped) 
  [main-Chameleon] 132/280  (skipped) 
  [main-Chameleon] 133/280  (skipped) 
  [main-Chameleon] 134/280  (skipped) 
  [main-Chameleon] 135/280  (skipped) 
  [main-Chameleon] 136/280  (skipped) 
  [main-Chameleon] 137/280  (skipped) 
  [main-Chameleon] 138/280  (skipped) 
  [main-Chameleon] 139/280  (skipped) 
  [main-Chameleon] 140/280  (skipped) 
  [main-Chameleon] 141/280  (skipped) 
  [main-Chameleon] 142/280  (skipped) 
  [main-Chameleon] 143/280  (skipped) 
  [main-Chameleon] 144/280  (skipped) 
  [main-Chameleon] 145/280  (skipped) 
  [main-Chameleon] 146/280  (skipped) 
  [main-Chameleon] 147/280  (skipped) 
  [main-Chameleon] 148/280  (skipped) 
  [main-Chameleon] 149/280  (skipped) 
  [main-Chameleon] 150/280  (skipped) 
  [main-Chameleon] 151/280  (skipped) 
  [main-Chameleon] 152/280  (skipped) 
  [main-Chameleon] 153/280  (skipped) 
  [main-Chameleon] 154/280  (skipped) 
  [main-Chameleon] 155/280  (skipped) 
  [main-Chameleon] 156/280  (skipped) 
  [main-Chameleon] 157/280  (skipped) 
  [main-Chameleon] 158/280  (skipped) 
  [main-Chameleon] 159/280  (skipped) 
  [main-Chameleon] 160/280  (skipped) 
  [main-Chameleon] 161/280  (skipped) 
  [main-Chameleon] 162/280  (skipped) 
  [main-Chameleon] 163/280  (skipped) 
  [main-Chameleon] 164/280  (skipped) 
  [main-Chameleon] 165/280  (skipped) 
  [main-Chameleon] 166/280  (skipped) 
  [main-Chameleon] 167/280  (skipped) 
  [main-Chameleon] 168/280  (skipped) 
  [main-Chameleon] 169/280  (skipped) 
  [main-Chameleon] 170/280  (skipped) 
  [main-Chameleon] 171/280  (skipped) 
  [main-Chameleon] 172/280  (skipped) 
  [main-Chameleon] 173/280  (skipped) 
  [main-Chameleon] 174/280  (skipped) 
  [main-Chameleon] 175/280  (skipped) 
  [main-Chameleon] 176/280  (skipped) 
  [main-Chameleon] 177/280  (skipped) 
  [main-Chameleon] 178/280  (skipped) 
  [main-Chameleon] 179/280  (skipped) 
  [main-Chameleon] 180/280  (skipped) 
  [main-Chameleon] 181/280  (skipped) 
  [main-Chameleon] 182/280  (skipped) 
  [main-Chameleon] 183/280  (skipped) 
  [main-Chameleon] 184/280  (skipped) 
  [main-Chameleon] 185/280  (skipped) 
  [main-Chameleon] 186/280  (skipped) 
  [main-Chameleon] 187/280  (skipped) 
  [main-Chameleon] 188/280  (skipped) 
  [main-Chameleon] 189/280  (skipped) 
  [main-Chameleon] 190/280  (skipped) 
  [main-Chameleon] 191/280  (skipped) 
  [main-Chameleon] 192/280  (skipped) 
  [main-Chameleon] 193/280  (skipped) 
  [main-Chameleon] 194/280  (skipped) 
  [main-Chameleon] 195/280  (skipped) 
  [main-Chameleon] 196/280  (skipped) 
  [main-Chameleon] 197/280  (skipped) 
  [main-Chameleon] 198/280  (skipped) 
  [main-Chameleon] 199/280  (skipped) 
  [main-Chameleon] 200/280  (skipped) 
  [main-Chameleon] 201/280  (skipped) 
  [main-Chameleon] 202/280  (skipped) 
  [main-Chameleon] 203/280  (skipped) 
  [main-Chameleon] 204/280  (skipped) 
  [main-Chameleon] 205/280  (skipped) 
  [main-Chameleon] 206/280  (skipped) 
  [main-Chameleon] 207/280  (skipped) 
  [main-Chameleon] 208/280  (skipped) 
  [main-Chameleon] 209/280  (skipped) 
  [main-Chameleon] 210/280  (skipped) 
  [main-Chameleon] 211/280  (skipped) 
  [main-Chameleon] 212/280  (skipped) 
  [main-Chameleon] 213/280  (skipped) 
  [main-Chameleon] 214/280  (skipped) 
  [main-Chameleon] 215/280  (skipped) 
  [main-Chameleon] 216/280  (skipped) 
  [main-Chameleon] 217/280  (skipped) 
  [main-Chameleon] 218/280  (skipped) 
  [main-Chameleon] 219/280  (skipped) 
  [main-Chameleon] 220/280  (skipped) 
  [main-Chameleon] 221/280  (skipped) 
  [main-Chameleon] 222/280  (skipped) 
  [main-Chameleon] 223/280  (skipped) 
  [main-Chameleon] 224/280  (skipped) 
  [main-Chameleon] 225/280  (skipped) 
  [main-Chameleon] 226/280  (skipped) 
  [main-Chameleon] 227/280  (skipped) 
  [main-Chameleon] 228/280  (skipped) 
  [main-Chameleon] 229/280  (skipped) 
  [main-Chameleon] 230/280  (skipped) 
  [main-Chameleon] 231/280  (skipped) 
  [main-Chameleon] 232/280  (skipped) 
  [main-Chameleon] 233/280  (skipped) 
  [main-Chameleon] 234/280  (skipped) 
  [main-Chameleon] 235/280  (skipped) 
  [main-Chameleon] 236/280  (skipped) 
  [main-Chameleon] 237/280  (skipped) 
  [main-Chameleon] 238/280  (skipped) 
  [main-Chameleon] 239/280  (skipped) 
  [main-Chameleon] 240/280  (skipped) 
  [main-Chameleon] 241/280  (skipped) 
  [main-Chameleon] 242/280  (skipped) 
  [main-Chameleon] 243/280  (skipped) 
  [main-Chameleon] 244/280  (skipped) 
  [main-Chameleon] 245/280  (skipped) 
  [main-Chameleon] 246/280  (skipped) 
  [main-Chameleon] 247/280  (skipped) 
  [main-Chameleon] 248/280  (skipped) 
  [main-Chameleon] 249/280  (skipped) 
  [main-Chameleon] 250/280  (skipped) 
  [main-Chameleon] 251/280  (skipped) 
  [main-Chameleon] 252/280  (skipped) 
  [main-Chameleon] 253/280  (skipped) 
  [main-Chameleon] 254/280  (skipped) 
  [main-Chameleon] 255/280  (skipped) 
  [main-Chameleon] 256/280  (skipped) 
  [main-Chameleon] 257/280  (skipped) 
  [main-Chameleon] 258/280  (skipped) 
  [main-Chameleon] 259/280  (skipped) 
  [main-Chameleon] 260/280  (skipped) 
  [main-Chameleon] 261/280  (skipped) 
  [main-Chameleon] 262/280  (skipped) 
  [main-Chameleon] 263/280  (skipped) 
  [main-Chameleon] 264/280  (skipped) 
  [main-Chameleon] 265/280  (skipped) 
  [main-Chameleon] 266/280  (skipped) 
  [main-Chameleon] 267/280  (skipped) 
  [main-Chameleon] 268/280  (skipped) 
  [main-Chameleon] 269/280  (skipped) 
  [main-Chameleon] 270/280  (skipped) 
  [main-Chameleon] 271/280  (skipped) 
  [main-Chameleon] 272/280  (skipped) 
  [main-Chameleon] 273/280  (skipped) 
  [main-Chameleon] 274/280  (skipped) 
  [main-Chameleon] 275/280  (skipped) 
  [main-Chameleon] 276/280  (skipped) 
  [main-Chameleon] 277/280  (skipped) 
  [main-Chameleon] 278/280  (skipped) 
  [main-Chameleon] 279/280  (skipped) 
  [main-Chameleon] 280/280  (skipped) 

##### Group 2: 超参扫描 (Chameleon, eps=2.0) #####
>> Loading Chamelon.txt ...
   nodes=2277, edges=31371
>> Pre-computing reference metrics on Chamelon ...
  [hp-inter] 1/50  (skipped) 
  [hp-inter] 2/50  (skipped) 
  [hp-inter] 3/50  (skipped) 
  [hp-inter] 4/50  (skipped) 
  [hp-inter] 5/50  (skipped) 
  [hp-inter] 6/50  (skipped) 
  [hp-inter] 7/50  (skipped) 
  [hp-inter] 8/50  (skipped) 
  [hp-inter] 9/50  (skipped) 
  [hp-inter] 10/50  (skipped) 
  [hp-inter] 11/50  (skipped) 
  [hp-inter] 12/50  (skipped) 
  [hp-inter] 13/50  (skipped) 
  [hp-inter] 14/50  (skipped) 
  [hp-inter] 15/50  (skipped) 
  [hp-inter] 16/50  (skipped) 
  [hp-inter] 17/50  (skipped) 
  [hp-inter] 18/50  (skipped) 
  [hp-inter] 19/50  (skipped) 
  [hp-inter] 20/50  (skipped) 
  [hp-inter] 21/50  (skipped) 
  [hp-inter] 22/50  (skipped) 
  [hp-inter] 23/50  (skipped) 
  [hp-inter] 24/50  (skipped) 
  [hp-inter] 25/50  (skipped) 
  [hp-inter] 26/50  (skipped) 
  [hp-inter] 27/50  (skipped) 
  [hp-inter] 28/50  (skipped) 
  [hp-inter] 29/50  (skipped) 
  [hp-inter] 30/50  (skipped) 
  [hp-inter] 31/50  (skipped) 
  [hp-inter] 32/50  (skipped) 
  [hp-inter] 33/50  (skipped) 
  [hp-inter] 34/50  (skipped) 
  [hp-inter] 35/50  (skipped) 
  [hp-inter] 36/50  (skipped) 
  [hp-inter] 37/50  (skipped) 
  [hp-inter] 38/50  (skipped) 
  [hp-inter] 39/50  (skipped) 
  [hp-inter] 40/50  (skipped) 
  [hp-inter] 41/50  (skipped) 
  [hp-inter] 42/50  (skipped) 
  [hp-inter] 43/50  (skipped) 
  [hp-inter] 44/50  (skipped) 
  [hp-inter] 45/50  (skipped) 
  [hp-inter] 46/50  (skipped) 
  [hp-inter] 47/50  (skipped) 
  [hp-inter] 48/50  (skipped) 
  [hp-inter] 49/50  (skipped) 
  [hp-inter] 50/50  (skipped) 
  [hp-intra] 1/40  (skipped) 
  [hp-intra] 2/40  (skipped) 
  [hp-intra] 3/40  (skipped) 
  [hp-intra] 4/40  (skipped) 
  [hp-intra] 5/40  (skipped) 
  [hp-intra] 6/40  (skipped) 
  [hp-intra] 7/40  (skipped) 
  [hp-intra] 8/40  (skipped) 
  [hp-intra] 9/40  (skipped) 
  [hp-intra] 10/40  (skipped) 
  [hp-intra] 11/40  (skipped) 
  [hp-intra] 12/40  (skipped) 
  [hp-intra] 13/40  (skipped) 
  [hp-intra] 14/40  (skipped) 
  [hp-intra] 15/40  (skipped) 
  [hp-intra] 16/40  (skipped) 
  [hp-intra] 17/40  (skipped) 
  [hp-intra] 18/40  (skipped) 
  [hp-intra] 19/40  (skipped) 
  [hp-intra] 20/40  (skipped) 
  [hp-intra] 21/40  (skipped) 
  [hp-intra] 22/40  (skipped) 
  [hp-intra] 23/40  (skipped) 
  [hp-intra] 24/40  (skipped) 
  [hp-intra] 25/40  (skipped) 
  [hp-intra] 26/40  (skipped) 
  [hp-intra] 27/40  (skipped) 
  [hp-intra] 28/40  (skipped) 
  [hp-intra] 29/40  (skipped) 
  [hp-intra] 30/40  (skipped) 
  [hp-intra] 31/40  (skipped) 
  [hp-intra] 32/40  (skipped) 
  [hp-intra] 33/40  (skipped) 
  [hp-intra] 34/40  (skipped) 
  [hp-intra] 35/40  (skipped) 
  [hp-intra] 36/40  (skipped) 
  [hp-intra] 37/40  (skipped) 
  [hp-intra] 38/40  (skipped) 
  [hp-intra] 39/40  (skipped) 
  [hp-intra] 40/40  (skipped) 
  [hp-swap] 1/50  (skipped) 
  [hp-swap] 2/50  (skipped) 
  [hp-swap] 3/50  (skipped) 
  [hp-swap] 4/50  (skipped) 
  [hp-swap] 5/50  (skipped) 
  [hp-swap] 6/50  (skipped) 
  [hp-swap] 7/50  (skipped) 
  [hp-swap] 8/50  (skipped) 
  [hp-swap] 9/50  (skipped) 
  [hp-swap] 10/50  (skipped) 
  [hp-swap] 11/50  (skipped) 
  [hp-swap] 12/50  (skipped) 
  [hp-swap] 13/50  (skipped) 
  [hp-swap] 14/50  (skipped) 
  [hp-swap] 15/50  (skipped) 
  [hp-swap] 16/50  (skipped) 
  [hp-swap] 17/50  (skipped) 
  [hp-swap] 18/50  (skipped) 
  [hp-swap] 19/50  (skipped) 
  [hp-swap] 20/50  (skipped) 
  [hp-swap] 21/50  (skipped) 
  [hp-swap] 22/50  (skipped) 
  [hp-swap] 23/50  (skipped) 
  [hp-swap] 24/50  (skipped) 
  [hp-swap] 25/50  (skipped) 
  [hp-swap] 26/50  (skipped) 
  [hp-swap] 27/50  (skipped) 
  [hp-swap] 28/50  (skipped) 
  [hp-swap] 29/50  (skipped) 
  [hp-swap] 30/50  (skipped) 
  [hp-swap] 31/50  (skipped) 
  [hp-swap] 32/50  (skipped) 
  [hp-swap] 33/50  (skipped) 
  [hp-swap] 34/50  (skipped) 
  [hp-swap] 35/50  (skipped) 
  [hp-swap] 36/50  (skipped) 
  [hp-swap] 37/50  (skipped) 
  [hp-swap] 38/50  (skipped) 
  [hp-swap] 39/50  (skipped) 
  [hp-swap] 40/50  (skipped) 
  [hp-swap] 41/50  (skipped) 
  [hp-swap] 42/50  (skipped) 
  [hp-swap] 43/50  (skipped) 
  [hp-swap] 44/50  (skipped) 
  [hp-swap] 45/50  (skipped) 
  [hp-swap] 46/50  (skipped) 
  [hp-swap] 47/50  (skipped) 
  [hp-swap] 48/50  (skipped) 
  [hp-swap] 49/50  (skipped) 
  [hp-swap] 50/50  (skipped) 

##### Group 3: 多数据集验证 #####
>> Loading Facebook.txt ...
   nodes=4039, edges=88234
>> Pre-computing reference metrics on Facebook ...
  [multi-Facebook] 1/140  (skipped) 
  [multi-Facebook] 2/140  (skipped) 
  [multi-Facebook] 3/140  (skipped) 
  [multi-Facebook] 4/140  (skipped) 
  [multi-Facebook] 5/140  (skipped) 
  [multi-Facebook] 6/140  (skipped) 
  [multi-Facebook] 7/140  (skipped) 
  [multi-Facebook] 8/140  (skipped) 
  [multi-Facebook] 9/140  (skipped) 
  [multi-Facebook] 10/140  (skipped) 
  [multi-Facebook] 11/140  (skipped) 
  [multi-Facebook] 12/140  (skipped) 
  [multi-Facebook] 13/140  (skipped) 
  [multi-Facebook] 14/140  (skipped) 
  [multi-Facebook] 15/140  (skipped) 
  [multi-Facebook] 16/140  (skipped) 
  [multi-Facebook] 17/140  (skipped) 
  [multi-Facebook] 18/140  (skipped) 
  [multi-Facebook] 19/140  (skipped) 
  [multi-Facebook] 20/140  (skipped) 
  [multi-Facebook] 21/140  (skipped) 
  [multi-Facebook] 22/140  (skipped) 
  [multi-Facebook] 23/140  (skipped) 
  [multi-Facebook] 24/140  (skipped) 
  [multi-Facebook] 25/140  (skipped) 
  [multi-Facebook] 26/140  (skipped) 
  [multi-Facebook] 27/140  (skipped) 
  [multi-Facebook] 28/140  (skipped) 
  [multi-Facebook] 29/140  (skipped) 
  [multi-Facebook] 30/140  (skipped) 
  [multi-Facebook] 31/140  (skipped) 
  [multi-Facebook] 32/140  (skipped) 
  [multi-Facebook] 33/140  (skipped) 
  [multi-Facebook] 34/140  (skipped) 
  [multi-Facebook] 35/140  (skipped) 
  [multi-Facebook] 36/140  (skipped) 
  [multi-Facebook] 37/140  (skipped) 
  [multi-Facebook] 38/140  (skipped) 
  [multi-Facebook] 39/140  (skipped) 
  [multi-Facebook] 40/140  (skipped) 
  [multi-Facebook] 41/140  (skipped) 
  [multi-Facebook] 42/140  (skipped) 
  [multi-Facebook] 43/140  (skipped) 
  [multi-Facebook] 44/140  (skipped) 
  [multi-Facebook] 45/140  (skipped) 
  [multi-Facebook] 46/140  (skipped) 
  [multi-Facebook] 47/140  (skipped) 
  [multi-Facebook] 48/140  (skipped) 
  [multi-Facebook] 49/140  (skipped) 
  [multi-Facebook] 50/140  (skipped) 
  [multi-Facebook] 51/140  (skipped) 
  [multi-Facebook] 52/140  (skipped) 
  [multi-Facebook] 53/140  (skipped) 
  [multi-Facebook] 54/140  (skipped) 
  [multi-Facebook] 55/140  (skipped) 
  [multi-Facebook] 56/140  (skipped) 
  [multi-Facebook] 57/140  (skipped) 
  [multi-Facebook] 58/140  (skipped) 
  [multi-Facebook] 59/140  (skipped) 
  [multi-Facebook] 60/140  (skipped) 
  [multi-Facebook] 61/140  (skipped) 
  [multi-Facebook] 62/140  (skipped) 
  [multi-Facebook] 63/140  (skipped) 
  [multi-Facebook] 64/140  (skipped) 
  [multi-Facebook] 65/140  (skipped) 
  [multi-Facebook] 66/140  (skipped) 
  [multi-Facebook] 67/140  (skipped) 
  [multi-Facebook] 68/140  (skipped) 
  [multi-Facebook] 69/140  (skipped) 
  [multi-Facebook] 70/140  (skipped) 
  [multi-Facebook] 71/140  (skipped) 
  [multi-Facebook] 72/140  (skipped) 
  [multi-Facebook] 73/140  (skipped) 
  [multi-Facebook] 74/140  (skipped) 
  [multi-Facebook] 75/140  (skipped) 
  [multi-Facebook] 76/140  (skipped) 
  [multi-Facebook] 77/140  (skipped) 
  [multi-Facebook] 78/140  (skipped) 
  [multi-Facebook] 79/140  (skipped) 
  [multi-Facebook] 80/140  (skipped) 
  [multi-Facebook] 81/140  (skipped) 
  [multi-Facebook] 82/140  (skipped) 
  [multi-Facebook] 83/140  (skipped) 
  [multi-Facebook] 84/140  (skipped) 
  [multi-Facebook] 85/140  (skipped) 
  [multi-Facebook] 86/140  (skipped) 
  [multi-Facebook] 87/140  (skipped) 
  [multi-Facebook] 88/140  (skipped) 
  [multi-Facebook] 89/140  (skipped) 
  [multi-Facebook] 90/140  (skipped) 
  [multi-Facebook] 91/140  (skipped) 
  [multi-Facebook] 92/140  (skipped) 
  [multi-Facebook] 93/140  (skipped) 
  [multi-Facebook] 94/140  (skipped) 
  [multi-Facebook] 95/140  (skipped) 
  [multi-Facebook] 96/140  (skipped) 
  [multi-Facebook] 97/140  (skipped) 
  [multi-Facebook] 98/140  (skipped) 
  [multi-Facebook] 99/140  (skipped) 
  [multi-Facebook] 100/140  (skipped) 
  [multi-Facebook] 101/140  (skipped) 
  [multi-Facebook] 102/140  (skipped) 
  [multi-Facebook] 103/140  (skipped) 
  [multi-Facebook] 104/140  (skipped) 
  [multi-Facebook] 105/140  (skipped) 
  [multi-Facebook] 106/140  (skipped) 
  [multi-Facebook] 107/140  (skipped) 
  [multi-Facebook] 108/140  (skipped) 
  [multi-Facebook] 109/140  (skipped) 
  [multi-Facebook] 110/140  (skipped) 
  [multi-Facebook] 111/140  (skipped) 
  [multi-Facebook] 112/140  (skipped) 
  [multi-Facebook] 113/140  (skipped) 
  [multi-Facebook] 114/140  (skipped) 
  [multi-Facebook] 115/140  (skipped) 
  [multi-Facebook] 116/140  (skipped) 
  [multi-Facebook] 117/140  (skipped) 
  [multi-Facebook] 118/140  (skipped) 
  [multi-Facebook] 119/140  (skipped) 
  [multi-Facebook] 120/140  (skipped) 
  [multi-Facebook] 121/140  (skipped) 
  [multi-Facebook] 122/140  (skipped) 
  [multi-Facebook] 123/140  (skipped) 
  [multi-Facebook] 124/140  (skipped) 
  [multi-Facebook] 125/140  (skipped) 
  [multi-Facebook] 126/140  (skipped) 
  [multi-Facebook] 127/140  (skipped) 
  [multi-Facebook] 128/140  (skipped) 
  [multi-Facebook] 129/140  (skipped) 
  [multi-Facebook] 130/140  (skipped) 
  [multi-Facebook] 131/140  (skipped) 
  [multi-Facebook] 132/140  (skipped) 
  [multi-Facebook] 133/140  (skipped) 
  [multi-Facebook] 134/140  (skipped) 
  [multi-Facebook] 135/140  (skipped) 
  [multi-Facebook] 136/140  (skipped) 
  [multi-Facebook] 137/140  (skipped) 
  [multi-Facebook] 138/140  (skipped) 
  [multi-Facebook] 139/140  (skipped) 
  [multi-Facebook] 140/140  (skipped) 
>> Loading CA-HepPh.txt ...
   nodes=12008, edges=118489
>> Pre-computing reference metrics on CA-HepPh ...
  [multi-CA-HepPh] 1/140  (skipped) 
  [multi-CA-HepPh] 2/140  (skipped) 
  [multi-CA-HepPh] 3/140  (skipped) 
  [multi-CA-HepPh] 4/140  (skipped) 
  [multi-CA-HepPh] 5/140  (skipped) 
  [multi-CA-HepPh] 6/140  (skipped) 
  [multi-CA-HepPh] 7/140  (skipped) 
  [multi-CA-HepPh] 8/140  (skipped) 
  [multi-CA-HepPh] 9/140  (skipped) 
  [multi-CA-HepPh] 10/140  (skipped) 
  [multi-CA-HepPh] 11/140  (skipped) 
  [multi-CA-HepPh] 12/140  (skipped) 
  [multi-CA-HepPh] 13/140  (skipped) 
  [multi-CA-HepPh] 14/140  (skipped) 
  [multi-CA-HepPh] 15/140  (skipped) 
  [multi-CA-HepPh] 16/140  (skipped) 
  [multi-CA-HepPh] 17/140  (skipped) 
  [multi-CA-HepPh] 18/140  (skipped) 
  [multi-CA-HepPh] 19/140  (skipped) 
  [multi-CA-HepPh] 20/140  (skipped) 
  [multi-CA-HepPh] 21/140  (skipped) 
  [multi-CA-HepPh] 22/140  (skipped) 
  [multi-CA-HepPh] 23/140  (skipped) 
  [multi-CA-HepPh] 24/140  (skipped) 
  [multi-CA-HepPh] 25/140  (skipped) 
  [multi-CA-HepPh] 26/140  (skipped) 
  [multi-CA-HepPh] 27/140  (skipped) 
  [multi-CA-HepPh] 28/140  (skipped) 
  [multi-CA-HepPh] 29/140  (skipped) 
  [multi-CA-HepPh] 30/140  (skipped) 
  [multi-CA-HepPh] 31/140  (skipped) 
  [multi-CA-HepPh] 32/140  (skipped) 
  [multi-CA-HepPh] 33/140  (skipped) 
  [multi-CA-HepPh] 34/140  (skipped) 
  [multi-CA-HepPh] 35/140  (skipped) 
  [multi-CA-HepPh] 36/140  (skipped) 
  [multi-CA-HepPh] 37/140  (skipped) 
  [multi-CA-HepPh] 38/140  (skipped) 
  [multi-CA-HepPh] 39/140  (skipped) 
  [multi-CA-HepPh] 40/140  (skipped) 
  [multi-CA-HepPh] 41/140  (skipped) 
  [multi-CA-HepPh] 42/140  (skipped) 
  [multi-CA-HepPh] 43/140  (skipped) 
  [multi-CA-HepPh] 44/140  (skipped) 
  [multi-CA-HepPh] 45/140  (skipped) 
  [multi-CA-HepPh] 46/140  (skipped) 
  [multi-CA-HepPh] 47/140  (skipped) 
  [multi-CA-HepPh] 48/140  (skipped) 
  [multi-CA-HepPh] 49/140  (skipped) 
  [multi-CA-HepPh] 50/140  (skipped) 
  [multi-CA-HepPh] 51/140  (skipped) 
  [multi-CA-HepPh] 52/140  (skipped) 
  [multi-CA-HepPh] 53/140  (skipped) 
  [multi-CA-HepPh] 54/140  (skipped) 
  [multi-CA-HepPh] 55/140  (skipped) 
  [multi-CA-HepPh] 56/140  (skipped) 
  [multi-CA-HepPh] 57/140  (skipped) 
  [multi-CA-HepPh] 58/140  (skipped) 
  [multi-CA-HepPh] 59/140  (skipped) 
  [multi-CA-HepPh] 60/140  (skipped) 
  [multi-CA-HepPh] 61/140  (skipped) 
  [multi-CA-HepPh] 62/140  (skipped) 
  [multi-CA-HepPh] 63/140  (skipped) 
  [multi-CA-HepPh] 64/140  (skipped) 
  [multi-CA-HepPh] 65/140  (skipped) 
  [multi-CA-HepPh] 66/140  (skipped) 
  [multi-CA-HepPh] 67/140  (skipped) 
  [multi-CA-HepPh] 68/140  (skipped) 
  [multi-CA-HepPh] 69/140  (skipped) 
  [multi-CA-HepPh] 70/140  (skipped) 
  [multi-CA-HepPh] 71/140  (skipped) 
  [multi-CA-HepPh] 72/140  (skipped) 
  [multi-CA-HepPh] 73/140  (skipped) 
  [multi-CA-HepPh] 74/140  (skipped) 
  [multi-CA-HepPh] 75/140  (skipped) 
  [multi-CA-HepPh] 76/140  (skipped) 
  [multi-CA-HepPh] 77/140  (skipped) 
  [multi-CA-HepPh] 78/140  (skipped) 
  [multi-CA-HepPh] 79/140  (skipped) 
  [multi-CA-HepPh] 80/140  (skipped) 
  [multi-CA-HepPh] 81/140  (skipped) 
  [multi-CA-HepPh] 82/140  (skipped) 
  [multi-CA-HepPh] 83/140  (skipped) 
  [multi-CA-HepPh] 84/140  (skipped) 
  [multi-CA-HepPh] 85/140  (skipped) 
  [multi-CA-HepPh] 86/140  (skipped) 
  [multi-CA-HepPh] 87/140  (skipped) 
  [multi-CA-HepPh] 88/140  (skipped) 
  [multi-CA-HepPh] 89/140  (skipped) 
  [multi-CA-HepPh] 90/140  (skipped) 
  [multi-CA-HepPh] 91/140  (skipped) 
  [multi-CA-HepPh] 92/140  (skipped) 
  [multi-CA-HepPh] 93/140  (skipped) 
  [multi-CA-HepPh] 94/140  (skipped) 
  [multi-CA-HepPh] 95/140  (skipped) 
  [multi-CA-HepPh] 96/140  (skipped) 
  [multi-CA-HepPh] 97/140  (skipped) 
  [multi-CA-HepPh] 98/140  (skipped) 
  [multi-CA-HepPh] 99/140  (skipped) 
  [multi-CA-HepPh] 100/140  (skipped) 
  [multi-CA-HepPh] 101/140  (skipped) 
  [multi-CA-HepPh] 102/140  (skipped) 
  [multi-CA-HepPh] 103/140  (skipped) 
  [multi-CA-HepPh] 104/140  (skipped) 
  [multi-CA-HepPh] 105/140  (skipped) 
  [multi-CA-HepPh] 106/140  (skipped) 
  [multi-CA-HepPh] 107/140  (skipped) 
  [multi-CA-HepPh] 108/140  (skipped) 
  [multi-CA-HepPh] 109/140  (skipped) 
  [multi-CA-HepPh] 110/140  (skipped) 
  [multi-CA-HepPh] 111/140  (skipped) 
  [multi-CA-HepPh] 112/140  (skipped) 
  [multi-CA-HepPh] 113/140  (skipped) 
  [multi-CA-HepPh] 114/140  (skipped) 
  [multi-CA-HepPh] 115/140  (skipped) 
  [multi-CA-HepPh] 116/140  (skipped) 
  [multi-CA-HepPh] 117/140  (skipped) 
  [multi-CA-HepPh] 118/140  (skipped) 
  [multi-CA-HepPh] 119/140  (skipped) 
  [multi-CA-HepPh] 120/140  (skipped) 
  [multi-CA-HepPh] 121/140  (skipped) 
  [multi-CA-HepPh] 122/140  (skipped) 
  [multi-CA-HepPh] 123/140  (skipped) 
  [multi-CA-HepPh] 124/140  (skipped) 
  [multi-CA-HepPh] 125/140  (skipped) 
  [multi-CA-HepPh] 126/140  (skipped) 
  [multi-CA-HepPh] 127/140  (skipped) 
  [multi-CA-HepPh] 128/140  (skipped) 
  [multi-CA-HepPh] 129/140  (skipped) 
  [multi-CA-HepPh] 130/140  (skipped) 
  [multi-CA-HepPh] 131/140  (skipped) 
  [multi-CA-HepPh] 132/140  (skipped) 
  [multi-CA-HepPh] 133/140  (skipped) 
  [multi-CA-HepPh] 134/140  (skipped) 
  [multi-CA-HepPh] 135/140  (skipped) 
  [multi-CA-HepPh] 136/140  (skipped) 
  [multi-CA-HepPh] 137/140  (skipped) 
  [multi-CA-HepPh] 138/140  (skipped) 
  [multi-CA-HepPh] 139/140  (skipped) 
  [multi-CA-HepPh] 140/140  (skipped) 
>> Loading Enron.txt ...
   nodes=33696, edges=180811
>> Pre-computing reference metrics on Enron ...
  [multi-Enron] 1/140  (skipped) 
  [multi-Enron] 2/140  (skipped) 
  [multi-Enron] 3/140  (skipped) 
  [multi-Enron] 4/140  (skipped) 
  [multi-Enron] 5/140  (skipped) 
  [multi-Enron] 6/140  this=1750.2s  ETA≈3908.8min  (skip=5) nmi=0.012
  [multi-Enron] 7/140  this=1739.3s  ETA≈3867.5min  (skip=5) nmi=0.011
  [multi-Enron] 8/140  this=1709.0s  ETA≈3812.2min  (skip=5) nmi=0.010
  [multi-Enron] 9/140  this=1721.7s  ETA≈3777.3min  (skip=5) nmi=0.012
  [multi-Enron] 10/140  this=1713.1s  ETA≈3741.1min  (skip=5) nmi=0.012
  [multi-Enron] 11/140  this=  0.0s  ETA≈3712.3min  (skip=6) 
  [multi-Enron] 12/140  this=  0.0s  ETA≈3683.5min  (skip=7) 
  [multi-Enron] 13/140  this=  0.0s  ETA≈3654.7min  (skip=8) 
  [multi-Enron] 14/140  this=  0.0s  ETA≈3626.0min  (skip=9) 
  [multi-Enron] 15/140  this=  0.0s  ETA≈3597.2min  (skip=10) 
  [multi-Enron] 16/140  this=1747.0s  ETA≈3575.4min  (skip=10) nmi=0.011
  [multi-Enron] 17/140  this=1969.3s  ETA≈3616.6min  (skip=10) nmi=0.013
  [multi-Enron] 18/140  this=1762.2s  ETA≈3586.7min  (skip=10) nmi=0.013
  [multi-Enron] 19/140  this=1986.6s  ETA≈3607.2min  (skip=10) nmi=0.012
