实验启动 @ 2026-05-11 17:31:10
日志:  ./logs\run_20260511_173110.log
结果:  ./results/

==============================================================================
  Job 2: 超参敏感性扫描（inter_ratio）
==============================================================================
已完成: 0/150
剩余:   150

[加载数据集 Chamelon]
  [基准] 构建图 ...
  [基准] 节点=2277, 边=31371
  [基准] Louvain 社区划分 ...
  [基准] 度分布 / 聚类系数 / 直径 ...
  [基准] 特征向量中心性（可能较慢）...
  [基准] 完成。mod=0.6779, cc=0.3136, diam=11
[   1/150] ir=0.05  ε=2.0 rep=0  | NMI=0.3345 mod_rel=0.1448 deg_kl=1.444 | t=  4.5s ETA=11.2min
[   2/150] ir=0.05  ε=2.0 rep=1  | NMI=0.3381 mod_rel=0.0527 deg_kl=1.409 | t=  4.5s ETA=11.1min
[   3/150] ir=0.05  ε=2.0 rep=2  | NMI=0.3487 mod_rel=0.0141 deg_kl=1.432 | t=  4.9s ETA=11.3min
[   4/150] ir=0.05  ε=2.0 rep=3  | NMI=0.3362 mod_rel=0.0039 deg_kl=1.214 | t=  4.6s ETA=11.2min
[   5/150] ir=0.05  ε=2.0 rep=4  | NMI=0.3445 mod_rel=0.0039 deg_kl=1.297 | t=  4.2s ETA=11.0min
[   6/150] ir=0.05  ε=2.0 rep=5  | NMI=0.2974 mod_rel=0.3178 deg_kl=1.508 | t=  5.2s ETA=11.2min
[   7/150] ir=0.05  ε=2.0 rep=6  | NMI=0.3239 mod_rel=0.0808 deg_kl=1.252 | t=  5.4s ETA=11.3min
[   8/150] ir=0.05  ε=2.0 rep=7  | NMI=0.3605 mod_rel=0.0608 deg_kl=1.843 | t=  5.0s ETA=11.3min
[   9/150] ir=0.05  ε=2.0 rep=8  | NMI=0.3400 mod_rel=0.0730 deg_kl=1.299 | t=  5.4s ETA=11.4min
[  10/150] ir=0.05  ε=2.0 rep=9  | NMI=0.3635 mod_rel=0.0148 deg_kl=1.528 | t=  4.6s ETA=11.3min
[  11/150] ir=0.05  ε=2.0 rep=10 | NMI=0.3319 mod_rel=0.0210 deg_kl=1.229 | t=  5.0s ETA=11.2min
[  12/150] ir=0.05  ε=2.0 rep=11 | NMI=0.3285 mod_rel=0.0599 deg_kl=1.361 | t=  5.1s ETA=11.2min
[  13/150] ir=0.05  ε=2.0 rep=12 | NMI=0.3346 mod_rel=0.0528 deg_kl=1.252 | t=  4.8s ETA=11.1min
[  14/150] ir=0.05  ε=2.0 rep=13 | NMI=0.3237 mod_rel=0.3096 deg_kl=1.619 | t=  4.9s ETA=11.0min
[  15/150] ir=0.05  ε=2.0 rep=14 | NMI=0.3103 mod_rel=0.0287 deg_kl=1.053 | t=  4.8s ETA=11.0min
[  16/150] ir=0.05  ε=2.0 rep=15 | NMI=0.3532 mod_rel=0.0721 deg_kl=1.002 | t=  5.4s ETA=10.9min
[  17/150] ir=0.05  ε=2.0 rep=16 | NMI=0.3258 mod_rel=0.0513 deg_kl=1.242 | t=  5.1s ETA=10.9min
[  18/150] ir=0.05  ε=2.0 rep=17 | NMI=0.3373 mod_rel=0.0532 deg_kl=1.378 | t=  5.6s ETA=10.9min
[  19/150] ir=0.05  ε=2.0 rep=18 | NMI=0.3462 mod_rel=0.0686 deg_kl=1.255 | t=  5.4s ETA=10.9min
[  20/150] ir=0.05  ε=2.0 rep=19 | NMI=0.3187 mod_rel=0.0731 deg_kl=1.436 | t=  4.4s ETA=10.7min
[  21/150] ir=0.05  ε=2.0 rep=20 | NMI=0.3593 mod_rel=0.0473 deg_kl=1.377 | t=  4.9s ETA=10.6min
[  22/150] ir=0.05  ε=2.0 rep=21 | NMI=0.3556 mod_rel=0.0702 deg_kl=1.197 | t=  5.2s ETA=10.6min
[  23/150] ir=0.05  ε=2.0 rep=22 | NMI=0.3386 mod_rel=0.0383 deg_kl=1.256 | t=  4.9s ETA=10.5min
[  24/150] ir=0.05  ε=2.0 rep=23 | NMI=0.3313 mod_rel=0.0560 deg_kl=1.146 | t=  4.9s ETA=10.4min
[  25/150] ir=0.05  ε=2.0 rep=24 | NMI=0.3184 mod_rel=0.0405 deg_kl=1.392 | t=  4.9s ETA=10.3min
[  26/150] ir=0.05  ε=2.0 rep=25 | NMI=0.3055 mod_rel=0.1982 deg_kl=1.379 | t=  5.3s ETA=10.3min
[  27/150] ir=0.05  ε=2.0 rep=26 | NMI=0.3560 mod_rel=0.0470 deg_kl=1.188 | t=  4.7s ETA=10.2min
[  28/150] ir=0.05  ε=2.0 rep=27 | NMI=0.3357 mod_rel=0.0737 deg_kl=1.517 | t=  5.0s ETA=10.1min
[  29/150] ir=0.05  ε=2.0 rep=28 | NMI=0.3293 mod_rel=0.0100 deg_kl=1.382 | t=  5.4s ETA=10.0min
[  30/150] ir=0.05  ε=2.0 rep=29 | NMI=0.3494 mod_rel=0.0088 deg_kl=1.616 | t=  4.6s ETA=9.9min
[  31/150] ir=0.1   ε=2.0 rep=0  | NMI=0.3008 mod_rel=0.0350 deg_kl=1.426 | t=  5.1s ETA=9.8min
[  32/150] ir=0.1   ε=2.0 rep=1  | NMI=0.3365 mod_rel=0.0682 deg_kl=1.220 | t=  5.2s ETA=9.8min
[  33/150] ir=0.1   ε=2.0 rep=2  | NMI=0.3410 mod_rel=0.0754 deg_kl=1.061 | t=  5.4s ETA=9.7min
[  34/150] ir=0.1   ε=2.0 rep=3  | NMI=0.3565 mod_rel=0.0893 deg_kl=1.269 | t=  5.3s ETA=9.7min
[  35/150] ir=0.1   ε=2.0 rep=4  | NMI=0.2882 mod_rel=0.1851 deg_kl=1.296 | t=  5.3s ETA=9.6min
[  36/150] ir=0.1   ε=2.0 rep=5  | NMI=0.3529 mod_rel=0.0006 deg_kl=1.126 | t=  4.7s ETA=9.5min
[  37/150] ir=0.1   ε=2.0 rep=6  | NMI=0.2938 mod_rel=0.0802 deg_kl=1.192 | t=  5.4s ETA=9.4min
[  38/150] ir=0.1   ε=2.0 rep=7  | NMI=0.2942 mod_rel=0.0464 deg_kl=1.378 | t=  4.9s ETA=9.3min
[  39/150] ir=0.1   ε=2.0 rep=8  | NMI=0.3131 mod_rel=0.0553 deg_kl=1.586 | t=  5.0s ETA=9.3min
[  40/150] ir=0.1   ε=2.0 rep=9  | NMI=0.3450 mod_rel=0.0216 deg_kl=1.297 | t=  4.8s ETA=9.2min
[  41/150] ir=0.1   ε=2.0 rep=10 | NMI=0.3164 mod_rel=0.1000 deg_kl=1.394 | t=  5.4s ETA=9.1min
[  42/150] ir=0.1   ε=2.0 rep=11 | NMI=0.3102 mod_rel=0.0962 deg_kl=1.207 | t=  5.5s ETA=9.0min
[  43/150] ir=0.1   ε=2.0 rep=12 | NMI=0.2976 mod_rel=0.0564 deg_kl=1.211 | t=  5.0s ETA=8.9min
[  44/150] ir=0.1   ε=2.0 rep=13 | NMI=0.3240 mod_rel=0.0420 deg_kl=1.286 | t=  4.8s ETA=8.9min
[  45/150] ir=0.1   ε=2.0 rep=14 | NMI=0.2955 mod_rel=0.1218 deg_kl=1.100 | t=  5.5s ETA=8.8min
[  46/150] ir=0.1   ε=2.0 rep=15 | NMI=0.3351 mod_rel=0.0374 deg_kl=1.169 | t=  5.2s ETA=8.7min
[  47/150] ir=0.1   ε=2.0 rep=16 | NMI=0.2957 mod_rel=0.1606 deg_kl=1.357 | t=  5.9s ETA=8.7min
[  48/150] ir=0.1   ε=2.0 rep=17 | NMI=0.3392 mod_rel=0.0594 deg_kl=1.093 | t=  5.1s ETA=8.6min
[  49/150] ir=0.1   ε=2.0 rep=18 | NMI=0.3167 mod_rel=0.0753 deg_kl=1.526 | t=  5.2s ETA=8.5min
[  50/150] ir=0.1   ε=2.0 rep=19 | NMI=0.3388 mod_rel=0.0669 deg_kl=1.260 | t=  5.0s ETA=8.4min
[  51/150] ir=0.1   ε=2.0 rep=20 | NMI=0.2979 mod_rel=0.1723 deg_kl=1.317 | t=  5.2s ETA=8.3min
[  52/150] ir=0.1   ε=2.0 rep=21 | NMI=0.2929 mod_rel=0.3410 deg_kl=1.477 | t=  5.4s ETA=8.3min
[  53/150] ir=0.1   ε=2.0 rep=22 | NMI=0.3623 mod_rel=0.0799 deg_kl=1.458 | t=  5.6s ETA=8.2min
[  54/150] ir=0.1   ε=2.0 rep=23 | NMI=0.3274 mod_rel=0.1014 deg_kl=1.363 | t=  5.3s ETA=8.1min
[  55/150] ir=0.1   ε=2.0 rep=24 | NMI=0.2871 mod_rel=0.1551 deg_kl=1.389 | t=  5.2s ETA=8.0min
[  56/150] ir=0.1   ε=2.0 rep=25 | NMI=0.3071 mod_rel=0.2047 deg_kl=1.121 | t=  5.9s ETA=8.0min
[  57/150] ir=0.1   ε=2.0 rep=26 | NMI=0.2991 mod_rel=0.1519 deg_kl=1.401 | t=  5.6s ETA=7.9min
[  58/150] ir=0.1   ε=2.0 rep=27 | NMI=0.3226 mod_rel=0.2046 deg_kl=1.236 | t=  5.0s ETA=7.8min
[  59/150] ir=0.1   ε=2.0 rep=28 | NMI=0.3338 mod_rel=0.0939 deg_kl=1.326 | t=  5.0s ETA=7.7min
[  60/150] ir=0.1   ε=2.0 rep=29 | NMI=0.3515 mod_rel=0.0787 deg_kl=0.972 | t=  5.2s ETA=7.6min
[  61/150] ir=0.15  ε=2.0 rep=0  | NMI=0.3222 mod_rel=0.0269 deg_kl=1.544 | t=  5.1s ETA=7.6min
[  62/150] ir=0.15  ε=2.0 rep=1  | NMI=0.2869 mod_rel=0.1220 deg_kl=1.446 | t=  5.5s ETA=7.5min
[  63/150] ir=0.15  ε=2.0 rep=2  | NMI=0.2681 mod_rel=0.2652 deg_kl=1.456 | t=  5.9s ETA=7.4min
[  64/150] ir=0.15  ε=2.0 rep=3  | NMI=0.2870 mod_rel=0.1760 deg_kl=1.286 | t=  5.5s ETA=7.3min
[  65/150] ir=0.15  ε=2.0 rep=4  | NMI=0.3391 mod_rel=0.0795 deg_kl=1.132 | t=  5.2s ETA=7.3min
[  66/150] ir=0.15  ε=2.0 rep=5  | NMI=0.3123 mod_rel=0.0710 deg_kl=1.202 | t=  5.5s ETA=7.2min
[  67/150] ir=0.15  ε=2.0 rep=6  | NMI=0.2843 mod_rel=0.1571 deg_kl=1.112 | t=  5.7s ETA=7.1min
[  68/150] ir=0.15  ε=2.0 rep=7  | NMI=0.2891 mod_rel=0.1488 deg_kl=1.226 | t=  5.5s ETA=7.0min
[  69/150] ir=0.15  ε=2.0 rep=8  | NMI=0.2961 mod_rel=0.1037 deg_kl=1.390 | t=  5.4s ETA=6.9min
[  70/150] ir=0.15  ε=2.0 rep=9  | NMI=0.2990 mod_rel=0.1809 deg_kl=1.110 | t=  5.7s ETA=6.9min
[  71/150] ir=0.15  ε=2.0 rep=10 | NMI=0.3137 mod_rel=0.0687 deg_kl=1.370 | t=  5.1s ETA=6.8min
[  72/150] ir=0.15  ε=2.0 rep=11 | NMI=0.3399 mod_rel=0.0702 deg_kl=1.391 | t=  5.2s ETA=6.7min
[  73/150] ir=0.15  ε=2.0 rep=12 | NMI=0.2955 mod_rel=0.1258 deg_kl=1.551 | t=  5.4s ETA=6.6min
[  74/150] ir=0.15  ε=2.0 rep=13 | NMI=0.3262 mod_rel=0.0595 deg_kl=1.270 | t=  5.1s ETA=6.5min
[  75/150] ir=0.15  ε=2.0 rep=14 | NMI=0.3260 mod_rel=0.1148 deg_kl=1.434 | t=  5.0s ETA=6.4min
[  76/150] ir=0.15  ε=2.0 rep=15 | NMI=0.3090 mod_rel=0.1074 deg_kl=1.129 | t=  5.3s ETA=6.4min
[  77/150] ir=0.15  ε=2.0 rep=16 | NMI=0.3164 mod_rel=0.0773 deg_kl=1.047 | t=  5.3s ETA=6.3min
[  78/150] ir=0.15  ε=2.0 rep=17 | NMI=0.2970 mod_rel=0.3136 deg_kl=1.198 | t=  5.5s ETA=6.2min
[  79/150] ir=0.15  ε=2.0 rep=18 | NMI=0.2721 mod_rel=0.2050 deg_kl=1.525 | t=  5.6s ETA=6.1min
[  80/150] ir=0.15  ε=2.0 rep=19 | NMI=0.2832 mod_rel=0.1779 deg_kl=1.414 | t=  5.7s ETA=6.0min
[  81/150] ir=0.15  ε=2.0 rep=20 | NMI=0.2899 mod_rel=0.0720 deg_kl=1.681 | t=  5.5s ETA=6.0min
[  82/150] ir=0.15  ε=2.0 rep=21 | NMI=0.2746 mod_rel=0.2285 deg_kl=1.318 | t=  5.9s ETA=5.9min
[  83/150] ir=0.15  ε=2.0 rep=22 | NMI=0.3011 mod_rel=0.1884 deg_kl=1.344 | t=  5.5s ETA=5.8min
[  84/150] ir=0.15  ε=2.0 rep=23 | NMI=0.2887 mod_rel=0.0845 deg_kl=1.172 | t=  5.5s ETA=5.7min
[  85/150] ir=0.15  ε=2.0 rep=24 | NMI=0.3174 mod_rel=0.0583 deg_kl=1.344 | t=  5.4s ETA=5.6min
[  86/150] ir=0.15  ε=2.0 rep=25 | NMI=0.3453 mod_rel=0.1156 deg_kl=1.181 | t=  5.4s ETA=5.5min
[  87/150] ir=0.15  ε=2.0 rep=26 | NMI=0.2931 mod_rel=0.0610 deg_kl=1.330 | t=  5.5s ETA=5.5min
[  88/150] ir=0.15  ε=2.0 rep=27 | NMI=0.3315 mod_rel=0.0841 deg_kl=1.282 | t=  5.4s ETA=5.4min
[  89/150] ir=0.15  ε=2.0 rep=28 | NMI=0.2662 mod_rel=0.2691 deg_kl=1.352 | t=  5.7s ETA=5.3min
[  90/150] ir=0.15  ε=2.0 rep=29 | NMI=0.3294 mod_rel=0.1068 deg_kl=1.316 | t=  5.3s ETA=5.2min
[  91/150] ir=0.2   ε=2.0 rep=0  | NMI=0.2730 mod_rel=0.3614 deg_kl=1.153 | t=  6.0s ETA=5.1min
[  92/150] ir=0.2   ε=2.0 rep=1  | NMI=0.3259 mod_rel=0.1376 deg_kl=1.177 | t=  5.5s ETA=5.1min
[  93/150] ir=0.2   ε=2.0 rep=2  | NMI=0.2467 mod_rel=0.2164 deg_kl=1.213 | t=  6.0s ETA=5.0min
[  94/150] ir=0.2   ε=2.0 rep=3  | NMI=0.2936 mod_rel=0.1028 deg_kl=1.382 | t=  5.8s ETA=4.9min
[  95/150] ir=0.2   ε=2.0 rep=4  | NMI=0.3000 mod_rel=0.2213 deg_kl=1.220 | t=  6.0s ETA=4.8min
[  96/150] ir=0.2   ε=2.0 rep=5  | NMI=0.2546 mod_rel=0.3841 deg_kl=1.420 | t=  5.8s ETA=4.7min
[  97/150] ir=0.2   ε=2.0 rep=6  | NMI=0.3190 mod_rel=0.1446 deg_kl=1.204 | t=  5.4s ETA=4.6min
[  98/150] ir=0.2   ε=2.0 rep=7  | NMI=0.3104 mod_rel=0.1087 deg_kl=1.433 | t=  5.4s ETA=4.6min
[  99/150] ir=0.2   ε=2.0 rep=8  | NMI=0.3163 mod_rel=0.0929 deg_kl=1.307 | t=  5.4s ETA=4.5min
[ 100/150] ir=0.2   ε=2.0 rep=9  | NMI=0.3224 mod_rel=0.1323 deg_kl=1.064 | t=  5.7s ETA=4.4min
[ 101/150] ir=0.2   ε=2.0 rep=10 | NMI=0.2759 mod_rel=0.1703 deg_kl=1.486 | t=  5.8s ETA=4.3min
[ 102/150] ir=0.2   ε=2.0 rep=11 | NMI=0.2867 mod_rel=0.2479 deg_kl=1.390 | t=  5.6s ETA=4.2min
[ 103/150] ir=0.2   ε=2.0 rep=12 | NMI=0.2810 mod_rel=0.2064 deg_kl=1.292 | t=  5.8s ETA=4.1min
[ 104/150] ir=0.2   ε=2.0 rep=13 | NMI=0.2634 mod_rel=0.2707 deg_kl=1.366 | t=  5.9s ETA=4.1min
[ 105/150] ir=0.2   ε=2.0 rep=14 | NMI=0.3101 mod_rel=0.0883 deg_kl=1.231 | t=  5.4s ETA=4.0min
[ 106/150] ir=0.2   ε=2.0 rep=15 | NMI=0.2927 mod_rel=0.2316 deg_kl=1.368 | t=  5.5s ETA=3.9min
[ 107/150] ir=0.2   ε=2.0 rep=16 | NMI=0.2592 mod_rel=0.3388 deg_kl=1.410 | t=  5.9s ETA=3.8min
[ 108/150] ir=0.2   ε=2.0 rep=17 | NMI=0.3156 mod_rel=0.0443 deg_kl=1.394 | t=  5.5s ETA=3.7min
[ 109/150] ir=0.2   ε=2.0 rep=18 | NMI=0.2749 mod_rel=0.1606 deg_kl=1.323 | t=  5.8s ETA=3.6min
[ 110/150] ir=0.2   ε=2.0 rep=19 | NMI=0.3071 mod_rel=0.0916 deg_kl=1.358 | t=  5.5s ETA=3.5min
[ 111/150] ir=0.2   ε=2.0 rep=20 | NMI=0.2693 mod_rel=0.2982 deg_kl=1.679 | t=  5.7s ETA=3.4min
[ 112/150] ir=0.2   ε=2.0 rep=21 | NMI=0.3597 mod_rel=0.1251 deg_kl=1.305 | t=  5.4s ETA=3.4min
[ 113/150] ir=0.2   ε=2.0 rep=22 | NMI=0.3489 mod_rel=0.1205 deg_kl=1.190 | t=  5.3s ETA=3.3min
[ 114/150] ir=0.2   ε=2.0 rep=23 | NMI=0.2819 mod_rel=0.1479 deg_kl=1.455 | t=  5.7s ETA=3.2min
[ 115/150] ir=0.2   ε=2.0 rep=24 | NMI=0.3230 mod_rel=0.0856 deg_kl=1.032 | t=  5.4s ETA=3.1min
[ 116/150] ir=0.2   ε=2.0 rep=25 | NMI=0.2735 mod_rel=0.2668 deg_kl=1.735 | t=  5.6s ETA=3.0min
[ 117/150] ir=0.2   ε=2.0 rep=26 | NMI=0.2849 mod_rel=0.4701 deg_kl=1.212 | t=  6.2s ETA=2.9min
[ 118/150] ir=0.2   ε=2.0 rep=27 | NMI=0.2829 mod_rel=0.1068 deg_kl=1.532 | t=  5.3s ETA=2.8min
[ 119/150] ir=0.2   ε=2.0 rep=28 | NMI=0.3402 mod_rel=0.0997 deg_kl=1.311 | t=  5.4s ETA=2.7min
[ 120/150] ir=0.2   ε=2.0 rep=29 | NMI=0.2952 mod_rel=0.0957 deg_kl=1.427 | t=  5.4s ETA=2.7min
[ 121/150] ir=0.3   ε=2.0 rep=0  | NMI=0.2789 mod_rel=0.2591 deg_kl=1.374 | t=  5.9s ETA=2.6min
[ 122/150] ir=0.3   ε=2.0 rep=1  | NMI=0.2354 mod_rel=0.3055 deg_kl=0.909 | t=  6.2s ETA=2.5min
[ 123/150] ir=0.3   ε=2.0 rep=2  | NMI=0.3127 mod_rel=0.2123 deg_kl=1.243 | t=  5.5s ETA=2.4min
[ 124/150] ir=0.3   ε=2.0 rep=3  | NMI=0.3141 mod_rel=0.1283 deg_kl=1.233 | t=  5.6s ETA=2.3min
[ 125/150] ir=0.3   ε=2.0 rep=4  | NMI=0.3328 mod_rel=0.1570 deg_kl=1.113 | t=  5.6s ETA=2.2min
[ 126/150] ir=0.3   ε=2.0 rep=5  | NMI=0.2625 mod_rel=0.1244 deg_kl=1.230 | t=  5.8s ETA=2.1min
[ 127/150] ir=0.3   ε=2.0 rep=6  | NMI=0.3320 mod_rel=0.1673 deg_kl=1.049 | t=  5.5s ETA=2.0min
[ 128/150] ir=0.3   ε=2.0 rep=7  | NMI=0.2905 mod_rel=0.2345 deg_kl=1.122 | t=  5.7s ETA=2.0min
[ 129/150] ir=0.3   ε=2.0 rep=8  | NMI=0.3090 mod_rel=0.1609 deg_kl=1.575 | t=  5.8s ETA=1.9min
[ 130/150] ir=0.3   ε=2.0 rep=9  | NMI=0.2377 mod_rel=0.3792 deg_kl=1.470 | t=  6.4s ETA=1.8min
[ 131/150] ir=0.3   ε=2.0 rep=10 | NMI=0.2162 mod_rel=0.2820 deg_kl=1.216 | t=  6.1s ETA=1.7min
[ 132/150] ir=0.3   ε=2.0 rep=11 | NMI=0.2963 mod_rel=0.2943 deg_kl=1.151 | t=  6.0s ETA=1.6min
[ 133/150] ir=0.3   ε=2.0 rep=12 | NMI=0.3416 mod_rel=0.1511 deg_kl=1.331 | t=  5.7s ETA=1.5min
[ 134/150] ir=0.3   ε=2.0 rep=13 | NMI=0.2916 mod_rel=0.1221 deg_kl=1.258 | t=  5.6s ETA=1.4min
[ 135/150] ir=0.3   ε=2.0 rep=14 | NMI=0.3137 mod_rel=0.1167 deg_kl=1.387 | t=  5.5s ETA=1.3min
[ 136/150] ir=0.3   ε=2.0 rep=15 | NMI=0.3075 mod_rel=0.1441 deg_kl=1.169 | t=  5.5s ETA=1.3min
[ 137/150] ir=0.3   ε=2.0 rep=16 | NMI=0.3312 mod_rel=0.1599 deg_kl=1.198 | t=  5.7s ETA=1.2min
[ 138/150] ir=0.3   ε=2.0 rep=17 | NMI=0.3542 mod_rel=0.1488 deg_kl=1.276 | t=  5.5s ETA=1.1min
[ 139/150] ir=0.3   ε=2.0 rep=18 | NMI=0.3045 mod_rel=0.1610 deg_kl=1.123 | t=  5.7s ETA=59s
[ 140/150] ir=0.3   ε=2.0 rep=19 | NMI=0.3512 mod_rel=0.1501 deg_kl=1.257 | t=  5.8s ETA=54s
[ 141/150] ir=0.3   ε=2.0 rep=20 | NMI=0.2420 mod_rel=0.2282 deg_kl=1.367 | t=  6.0s ETA=48s
[ 142/150] ir=0.3   ε=2.0 rep=21 | NMI=0.3022 mod_rel=0.1306 deg_kl=1.240 | t=  5.8s ETA=43s
[ 143/150] ir=0.3   ε=2.0 rep=22 | NMI=0.3166 mod_rel=0.1463 deg_kl=1.115 | t=  5.6s ETA=38s
[ 144/150] ir=0.3   ε=2.0 rep=23 | NMI=0.3204 mod_rel=0.1673 deg_kl=1.599 | t=  5.6s ETA=32s
[ 145/150] ir=0.3   ε=2.0 rep=24 | NMI=0.3102 mod_rel=0.1444 deg_kl=1.157 | t=  5.6s ETA=27s
[ 146/150] ir=0.3   ε=2.0 rep=25 | NMI=0.2615 mod_rel=0.2565 deg_kl=1.137 | t=  6.2s ETA=22s
[ 147/150] ir=0.3   ε=2.0 rep=26 | NMI=0.3359 mod_rel=0.1539 deg_kl=1.276 | t=  5.6s ETA=16s
[ 148/150] ir=0.3   ε=2.0 rep=27 | NMI=0.3315 mod_rel=0.1654 deg_kl=1.309 | t=  5.3s ETA=11s
[ 149/150] ir=0.3   ε=2.0 rep=28 | NMI=0.2623 mod_rel=0.2061 deg_kl=1.553 | t=  5.9s ETA=5s
[ 150/150] ir=0.3   ε=2.0 rep=29 | NMI=0.3005 mod_rel=0.1924 deg_kl=1.064 | t=  5.7s ETA=0s

Job 2 完成。总耗时: 13.5min

全部任务完成。总耗时: 13.6min

==============================================================================
  实验结果汇总（按均值聚合）
==============================================================================

Job 1 主对比 - 435 行：
                               nmi  mod_rel   deg_kl  cc_rel  diam_rel   n
dataset  method    epsilon                                                
CA-HepPh ours      0.5      0.3543   0.2306   2.1805  0.1728    0.0538  10
                   1.0      0.3770   0.0936   1.7619  0.0784    0.1000  10
                   1.5      0.3862   0.0836   1.4247  0.3839    0.2385  10
                   2.0      0.3886   0.1780   1.1364  0.4984    0.3923  10
                   2.5      0.3856   0.1632   1.0488  0.4495    0.4154  10
                   3.0      0.3746   0.1610   1.0340  0.4135    0.4231  10
                   3.5      0.3642   0.1881   0.9338  0.3379    0.4308  10
         privgraph 0.5      0.0384   0.6025  13.5152  0.8987    0.6077  10
                   1.0      0.0510   0.4452   5.6489  0.3629    0.5462  10
                   1.5      0.0601   0.3966   1.6888  0.5204    0.4615  10
                   2.0      0.0708   0.3661   1.0466  0.5796    0.4231  10
                   2.5      0.0747   0.3124   0.7895  0.5605    0.3692  10
                   3.0      0.0800   0.2728   0.7173  0.4962    0.3538  10
                   3.5      0.0852   0.2904   0.5461  0.4635    0.2923  10
Chamelon ours      0.5      0.2713   0.0270   2.8537  0.6827    0.2545  10
                   1.0      0.2940   0.0676   1.5505  0.4654    0.3636  10
                   1.5      0.3047   0.1128   1.4044  0.2871    0.4000  10
                   2.0      0.3174   0.1226   1.2847  0.2342    0.4091  10
                   2.5      0.3174   0.1596   1.2798  0.1213    0.4091  10
                   3.0      0.3295   0.1568   1.2430  0.1047    0.4545  10
                   3.5      0.3253   0.1983   1.2745  0.0605    0.4364  10
         privgraph 0.5      0.0159   0.6531  13.7590  0.8354    0.6364  10
                   1.0      0.0929   0.4834   7.4956  0.2136    0.6091  10
                   1.5      0.1580   0.4094   2.5011  0.1157    0.5364  10
                   2.0      0.1829   0.3526   1.7904  0.0690    0.5182  10
                   2.5      0.2059   0.2962   1.2718  0.0572    0.4727  10
                   3.0      0.2295   0.3131   1.0535  0.0852    0.4364  10
                   3.5      0.2351   0.2601   0.9923  0.0631    0.4182  10
Enron    privgraph 0.5      0.0130   0.4998   3.3784  0.6934    0.3846  10
                   1.0      0.0125   0.4892   3.3204  0.8795    0.3846   5
Facebook ours      0.5      0.2427   0.0792   1.5184  0.0323    0.0500  10
                   1.0      0.2708   0.1703   0.7104  0.1330    0.1750  10
                   1.5      0.2669   0.2204   0.5488  0.2882    0.2000  10
                   2.0      0.2699   0.2596   0.4313  0.3364    0.2375  10
                   2.5      0.2955   0.2037   0.4314  0.3738    0.2375  10
                   3.0      0.2880   0.2599   0.4238  0.4663    0.2500  10
                   3.5      0.2886   0.2665   0.3695  0.4784    0.2250  10
         privgraph 0.5      0.0138   0.7564  14.5230  0.9261    0.5000  10
                   1.0      0.1360   0.5390   6.3686  0.5476    0.5000  10
                   1.5      0.1713   0.4430   2.9204  0.5043    0.4875  10
                   2.0      0.1764   0.4463   1.6622  0.6182    0.3750  10
                   2.5      0.1892   0.4162   1.0568  0.6091    0.3750  10
                   3.0      0.1860   0.4113   0.8067  0.5531    0.3625  10
                   3.5      0.1995   0.3802   0.4966  0.5963    0.3250  10

Job 2 inter_ratio 敏感性 - 150 行：
                nmi  nmi_std  mod_rel  deg_kl  cc_rel   n
inter_ratio                                              
0.05         0.3359   0.0164   0.0716  1.3501  0.2621  30
0.10         0.3191   0.0229   0.1019  1.2838  0.1804  30
0.15         0.3033   0.0223   0.1306  1.3184  0.1598  30
0.20         0.2963   0.0281   0.1856  1.3355  0.1114  30
0.30         0.2999   0.0360   0.1883  1.2500  0.0594  30
