实验启动 @ 2026-05-11 13:55:27
日志:  ./logs\run_20260511_135527.log
结果:  ./results/

==============================================================================
  Job 1: 主对比实验（PrivGraph vs Ours）
==============================================================================
已完成: 431/560
剩余:   129

[加载数据集 Enron]
  [基准] 构建图 ...
  [基准] 节点=33696, 边=180811
  [基准] Louvain 社区划分 ...
  [基准] 度分布 / 聚类系数 / 直径 ...
  [基准] 特征向量中心性（可能较慢）...
  [基准] 完成。mod=0.6129, cc=0.0851, diam=13
[   1/129] Enron      privgraph ε=1.0 rep=1  | NMI=0.0126 mod_rel=0.5006 deg_kl=3.468 | t=2786.1s ETA=144.43h
[   2/129] Enron      privgraph ε=1.0 rep=2  | NMI=0.0117 mod_rel=0.4876 deg_kl=3.323 | t=2633.2s ETA=118.10h
[   3/129] Enron      privgraph ε=1.0 rep=3  | NMI=0.0125 mod_rel=0.4883 deg_kl=3.283 | t=1932.1s ETA=100.65h
[   4/129] Enron      privgraph ε=1.0 rep=4  | NMI=0.0120 mod_rel=0.5007 deg_kl=3.351 | t=3363.4s ETA=104.09h
[   5/129] Enron      privgraph ε=1.0 rep=5  | NMI=0.0117 mod_rel=0.4955 deg_kl=3.239 | t=2281.4s ETA=98.32h
