实验启动 @ 2026-05-11 18:37:43
日志:  ./logs\run_20260511_183743.log
结果:  ./results/

==============================================================================
  Job 1: 主对比实验（PrivGraph vs Ours）
==============================================================================
已完成: 436/560
剩余:   124

[加载数据集 Enron]
  [基准] 构建图 ...
  [基准] 节点=33696, 边=180811
  [基准] Louvain 社区划分 ...
  [基准] 度分布 / 聚类系数 / 直径 ...
  [基准] 特征向量中心性（可能较慢）...
  [基准] 完成。mod=0.5981, cc=0.0851, diam=13
[   1/124] Enron      privgraph ε=1.0 rep=6  | NMI=0.0136 mod_rel=0.4685 deg_kl=3.191 | t=1639.3s ETA=113.99h
[   2/124] Enron      privgraph ε=1.0 rep=7  | NMI=0.0143 mod_rel=0.4932 deg_kl=3.108 | t=1648.7s ETA=84.47h
[   3/124] Enron      privgraph ε=1.0 rep=8  | NMI=0.0135 mod_rel=0.4758 deg_kl=3.113 | t=1662.9s ETA=74.48h
[   4/124] Enron      privgraph ε=1.0 rep=9  | NMI=0.0141 mod_rel=0.4894 deg_kl=3.426 | t=1595.2s ETA=68.69h
[   5/124] Enron      privgraph ε=1.5 rep=0  | NMI=0.0140 mod_rel=0.4482 deg_kl=1.682 | t=1560.6s ETA=64.81h

[中断] 已保存到上一 rep。下次启动会自动续跑。

用户中断。下次启动可自动从断点恢复。
