实验启动 @ 2026-05-11 00:30:22
日志:  ./logs\run_20260511_003022.log
结果:  ./results/

==============================================================================
  Job 1: 主对比实验（PrivGraph vs Ours）
==============================================================================
已完成: 0/420
剩余:   420

[加载数据集 Chamelon]
  [基准] 构建图 ...
  [基准] 节点=2277, 边=31371
  [基准] Louvain 社区划分 ...
  [基准] 度分布 / 聚类系数 / 直径 ...
  [基准] 特征向量中心性（可能较慢）...
  [基准] 完成。mod=0.6970, cc=0.3136, diam=11
[   1/420] Chamelon   privgraph ε=0.5 rep=0  | NMI=0.0175 mod_rel=0.6298 deg_kl=12.420 | t=  7.2s ETA=2.14h
[   2/420] Chamelon   privgraph ε=0.5 rep=1  | NMI=0.0208 mod_rel=0.6228 deg_kl=13.916 | t=  7.5s ETA=1.51h
[   3/420] Chamelon   privgraph ε=0.5 rep=2  | NMI=0.0131 mod_rel=0.6617 deg_kl=14.506 | t=  6.3s ETA=1.25h

[中断] 已保存到上一 rep。下次启动会自动续跑。

用户中断。下次启动可自动从断点恢复。
