实验启动 @ 2026-05-12 00:31:01
日志:   ./logs\run_20260512_003101.log
结果:   ./results/
  - 原对比: ./results\main_comparison.csv
  - v2 对比: ./results\main_comparison_v2.csv
  - 超参:    ./results\hp_inter_ratio.csv
缓存:   ./cache/
请求并行数: 19
主对比 methods: ['privgraph', 'ours', 'ours_v2']
ours_v2 超参: scale_safety_factor=4.0

==============================================================================
  Job 1: 主对比实验（methods=['privgraph', 'ours', 'ours_v2']）
==============================================================================
目标任务总数: 840
已完成（含其他方法）: main_csv=560, v2_csv=0
本次剩余: 280
请求 worker 数: 19（实际会按数据集规模动态降级）

[加载数据集 Chamelon]
  [基准:Chamelon] 构建图 ...
  [基准:Chamelon] 节点=2277, 边=31371
  [基准:Chamelon] Louvain 社区划分 ...
  [基准:Chamelon] 度分布 / 聚类系数 / 直径 ...
  [基准:Chamelon] 特征向量中心性 ...
  [基准:Chamelon] 完成。mod=0.6957, cc=0.3136, diam=11
  [基准:Chamelon] 已缓存到 ./cache\Chamelon.pkl

>>> 数据集 Chamelon: 节点=2277, 任务=70, worker=19
[   1/70] Chamelon   ours_v2   ε=0.5 rep=0  | NMI=0.2606 mod_rel=0.0332 cc_rel=0.725 deg_kl=3.200 | t=  6.7s ETA=12.3min
[   2/70] Chamelon   ours_v2   ε=0.5 rep=5  | NMI=0.2490 mod_rel=0.0121 cc_rel=0.698 deg_kl=3.006 | t=  7.3s ETA=6.9min
[   3/70] Chamelon   ours_v2   ε=0.5 rep=3  | NMI=0.2602 mod_rel=0.0404 cc_rel=0.687 deg_kl=3.153 | t=  7.8s ETA=4.7min
[   4/70] Chamelon   ours_v2   ε=0.5 rep=1  | NMI=0.2660 mod_rel=0.0474 cc_rel=0.717 deg_kl=3.070 | t=  8.2s ETA=3.5min
[   5/70] Chamelon   ours_v2   ε=0.5 rep=2  | NMI=0.2802 mod_rel=0.0108 cc_rel=0.686 deg_kl=2.656 | t=  8.3s ETA=2.8min
[   6/70] Chamelon   ours_v2   ε=0.5 rep=6  | NMI=0.2774 mod_rel=0.0579 cc_rel=0.747 deg_kl=2.851 | t=  8.2s ETA=2.4min
[   7/70] Chamelon   ours_v2   ε=0.5 rep=4  | NMI=0.2775 mod_rel=0.0642 cc_rel=0.740 deg_kl=2.680 | t=  8.4s ETA=2.0min
[   8/70] Chamelon   ours_v2   ε=0.5 rep=7  | NMI=0.2679 mod_rel=0.0185 cc_rel=0.683 deg_kl=2.685 | t=  8.7s ETA=1.9min
[   9/70] Chamelon   ours_v2   ε=0.5 rep=8  | NMI=0.2779 mod_rel=0.0512 cc_rel=0.676 deg_kl=2.675 | t=  8.8s ETA=1.6min
[  10/70] Chamelon   ours_v2   ε=0.5 rep=9  | NMI=0.2623 mod_rel=0.0221 cc_rel=0.667 deg_kl=2.786 | t=  9.2s ETA=1.5min
[  11/70] Chamelon   ours_v2   ε=1.0 rep=3  | NMI=0.2756 mod_rel=0.1451 cc_rel=0.709 deg_kl=2.217 | t= 10.7s ETA=1.6min
[  12/70] Chamelon   ours_v2   ε=1.0 rep=7  | NMI=0.2895 mod_rel=0.0763 cc_rel=0.581 deg_kl=1.768 | t= 11.1s ETA=1.4min
[  13/70] Chamelon   ours_v2   ε=1.0 rep=6  | NMI=0.2820 mod_rel=0.0758 cc_rel=0.463 deg_kl=1.473 | t= 11.4s ETA=1.3min
[  14/70] Chamelon   ours_v2   ε=1.0 rep=1  | NMI=0.2953 mod_rel=0.0490 cc_rel=0.594 deg_kl=1.666 | t= 11.7s ETA=1.2min
[  15/70] Chamelon   ours_v2   ε=1.0 rep=4  | NMI=0.3034 mod_rel=0.0411 cc_rel=0.376 deg_kl=1.551 | t= 11.8s ETA=1.1min
[  16/70] Chamelon   ours_v2   ε=1.0 rep=0  | NMI=0.2749 mod_rel=0.2290 cc_rel=0.346 deg_kl=1.845 | t= 12.1s ETA=1.0min
[  17/70] Chamelon   ours_v2   ε=1.0 rep=2  | NMI=0.2866 mod_rel=0.0616 cc_rel=0.446 deg_kl=1.396 | t= 12.5s ETA=60s
[  18/70] Chamelon   ours_v2   ε=1.0 rep=5  | NMI=0.2662 mod_rel=0.0672 cc_rel=0.558 deg_kl=1.806 | t= 12.4s ETA=55s
[  19/70] Chamelon   ours_v2   ε=1.0 rep=8  | NMI=0.2853 mod_rel=0.0004 cc_rel=0.399 deg_kl=1.453 | t= 12.6s ETA=52s
[  20/70] Chamelon   ours_v2   ε=1.0 rep=9  | NMI=0.2953 mod_rel=0.0192 cc_rel=0.618 deg_kl=1.726 | t= 11.4s ETA=55s
[  21/70] Chamelon   ours_v2   ε=1.5 rep=0  | NMI=0.3045 mod_rel=0.0434 cc_rel=0.353 deg_kl=1.398 | t= 13.6s ETA=1.0min
[  22/70] Chamelon   ours_v2   ε=1.5 rep=2  | NMI=0.2909 mod_rel=0.1450 cc_rel=0.391 deg_kl=1.654 | t= 13.8s ETA=58s
[  23/70] Chamelon   ours_v2   ε=1.5 rep=6  | NMI=0.3100 mod_rel=0.0640 cc_rel=0.477 deg_kl=1.693 | t= 12.4s ETA=55s
[  24/70] Chamelon   ours_v2   ε=1.5 rep=4  | NMI=0.2756 mod_rel=0.1438 cc_rel=0.340 deg_kl=1.506 | t= 14.5s ETA=53s
[  25/70] Chamelon   ours_v2   ε=1.5 rep=5  | NMI=0.2744 mod_rel=0.1813 cc_rel=0.053 deg_kl=1.530 | t= 14.6s ETA=50s
[  26/70] Chamelon   ours_v2   ε=1.5 rep=1  | NMI=0.2714 mod_rel=0.0785 cc_rel=0.325 deg_kl=1.545 | t= 16.0s ETA=49s
[  27/70] Chamelon   ours_v2   ε=1.5 rep=7  | NMI=0.3098 mod_rel=0.0498 cc_rel=0.303 deg_kl=1.353 | t= 14.2s ETA=46s
[  28/70] Chamelon   ours_v2   ε=1.5 rep=3  | NMI=0.2853 mod_rel=0.1761 cc_rel=0.158 deg_kl=1.497 | t= 16.1s ETA=44s
[  29/70] Chamelon   ours_v2   ε=1.5 rep=8  | NMI=0.2973 mod_rel=0.3015 cc_rel=0.004 deg_kl=1.348 | t= 14.2s ETA=42s
[  30/70] Chamelon   ours_v2   ε=1.5 rep=9  | NMI=0.2921 mod_rel=0.2030 cc_rel=0.276 deg_kl=1.630 | t= 13.4s ETA=41s
[  31/70] Chamelon   ours_v2   ε=2.0 rep=0  | NMI=0.2922 mod_rel=0.2132 cc_rel=0.232 deg_kl=1.730 | t= 15.3s ETA=42s
[  32/70] Chamelon   ours_v2   ε=2.0 rep=4  | NMI=0.2992 mod_rel=0.0979 cc_rel=0.229 deg_kl=1.114 | t= 14.8s ETA=40s
[  33/70] Chamelon   ours_v2   ε=2.0 rep=5  | NMI=0.3324 mod_rel=0.1170 cc_rel=0.198 deg_kl=1.038 | t= 14.4s ETA=38s
[  34/70] Chamelon   ours_v2   ε=2.0 rep=6  | NMI=0.3517 mod_rel=0.0662 cc_rel=0.249 deg_kl=1.249 | t= 14.5s ETA=36s
[  35/70] Chamelon   ours_v2   ε=2.0 rep=2  | NMI=0.3221 mod_rel=0.0459 cc_rel=0.257 deg_kl=1.367 | t= 15.6s ETA=34s
[  36/70] Chamelon   ours_v2   ε=2.0 rep=1  | NMI=0.2847 mod_rel=0.3788 cc_rel=0.038 deg_kl=1.393 | t= 15.9s ETA=32s
[  37/70] Chamelon   ours_v2   ε=2.0 rep=7  | NMI=0.3126 mod_rel=0.2033 cc_rel=0.113 deg_kl=1.291 | t= 14.7s ETA=31s
[  38/70] Chamelon   ours_v2   ε=2.0 rep=3  | NMI=0.2587 mod_rel=0.1763 cc_rel=0.127 deg_kl=1.262 | t= 16.9s ETA=30s
[  39/70] Chamelon   ours_v2   ε=2.0 rep=8  | NMI=0.3001 mod_rel=0.1507 cc_rel=0.153 deg_kl=1.321 | t= 15.3s ETA=30s
[  40/70] Chamelon   ours_v2   ε=2.5 rep=0  | NMI=0.3543 mod_rel=0.0852 cc_rel=0.208 deg_kl=1.269 | t= 15.0s ETA=31s
[  41/70] Chamelon   ours_v2   ε=2.0 rep=9  | NMI=0.2913 mod_rel=0.1385 cc_rel=0.134 deg_kl=1.218 | t= 16.6s ETA=30s
[  42/70] Chamelon   ours_v2   ε=2.5 rep=1  | NMI=0.3050 mod_rel=0.2268 cc_rel=0.054 deg_kl=1.062 | t= 17.3s ETA=29s
[  43/70] Chamelon   ours_v2   ε=2.5 rep=4  | NMI=0.3246 mod_rel=0.2042 cc_rel=0.019 deg_kl=1.091 | t= 16.9s ETA=29s
[  44/70] Chamelon   ours_v2   ε=2.5 rep=3  | NMI=0.3058 mod_rel=0.1948 cc_rel=0.017 deg_kl=1.090 | t= 17.8s ETA=27s
[  45/70] Chamelon   ours_v2   ε=2.5 rep=5  | NMI=0.3706 mod_rel=0.1145 cc_rel=0.140 deg_kl=1.079 | t= 17.2s ETA=26s
[  46/70] Chamelon   ours_v2   ε=2.5 rep=7  | NMI=0.3379 mod_rel=0.0495 cc_rel=0.195 deg_kl=1.094 | t= 16.8s ETA=24s
[  47/70] Chamelon   ours_v2   ε=2.5 rep=8  | NMI=0.3527 mod_rel=0.0826 cc_rel=0.204 deg_kl=1.198 | t= 15.3s ETA=23s
[  48/70] Chamelon   ours_v2   ε=2.5 rep=6  | NMI=0.3633 mod_rel=0.1084 cc_rel=0.163 deg_kl=1.243 | t= 17.7s ETA=21s
[  49/70] Chamelon   ours_v2   ε=2.5 rep=2  | NMI=0.3132 mod_rel=0.2699 cc_rel=0.113 deg_kl=1.380 | t= 19.5s ETA=20s
[  50/70] Chamelon   ours_v2   ε=3.0 rep=2  | NMI=0.3572 mod_rel=0.1119 cc_rel=0.104 deg_kl=1.197 | t= 15.1s ETA=19s
[  51/70] Chamelon   ours_v2   ε=3.0 rep=3  | NMI=0.3647 mod_rel=0.0994 cc_rel=0.116 deg_kl=1.128 | t= 15.2s ETA=18s
[  52/70] Chamelon   ours_v2   ε=3.0 rep=1  | NMI=0.3656 mod_rel=0.0868 cc_rel=0.139 deg_kl=1.055 | t= 16.6s ETA=17s
[  53/70] Chamelon   ours_v2   ε=3.0 rep=0  | NMI=0.3598 mod_rel=0.1127 cc_rel=0.133 deg_kl=1.005 | t= 18.0s ETA=17s
[  54/70] Chamelon   ours_v2   ε=2.5 rep=9  | NMI=0.2862 mod_rel=0.1957 cc_rel=0.059 deg_kl=1.513 | t= 18.3s ETA=15s
[  55/70] Chamelon   ours_v2   ε=3.0 rep=5  | NMI=0.2886 mod_rel=0.1086 cc_rel=0.134 deg_kl=1.528 | t= 17.5s ETA=14s
[  56/70] Chamelon   ours_v2   ε=3.0 rep=4  | NMI=0.3566 mod_rel=0.0664 cc_rel=0.221 deg_kl=1.543 | t= 17.7s ETA=13s
[  57/70] Chamelon   ours_v2   ε=3.0 rep=6  | NMI=0.3439 mod_rel=0.0952 cc_rel=0.113 deg_kl=1.013 | t= 19.0s ETA=12s
[  58/70] Chamelon   ours_v2   ε=3.0 rep=7  | NMI=0.3211 mod_rel=0.1673 cc_rel=0.085 deg_kl=1.276 | t= 17.2s ETA=11s
[  59/70] Chamelon   ours_v2   ε=3.0 rep=8  | NMI=0.3053 mod_rel=0.2326 cc_rel=0.085 deg_kl=1.714 | t= 15.8s ETA=11s
[  60/70] Chamelon   ours_v2   ε=3.0 rep=9  | NMI=0.3524 mod_rel=0.1018 cc_rel=0.106 deg_kl=1.033 | t= 16.1s ETA=10s
[  61/70] Chamelon   ours_v2   ε=3.5 rep=0  | NMI=0.3207 mod_rel=0.1001 cc_rel=0.119 deg_kl=1.052 | t= 16.4s ETA=9s
[  62/70] Chamelon   ours_v2   ε=3.5 rep=1  | NMI=0.3268 mod_rel=0.0799 cc_rel=0.150 deg_kl=1.260 | t= 14.9s ETA=8s
[  63/70] Chamelon   ours_v2   ε=3.5 rep=3  | NMI=0.2963 mod_rel=0.1888 cc_rel=0.013 deg_kl=1.478 | t= 14.9s ETA=7s
[  64/70] Chamelon   ours_v2   ε=3.5 rep=2  | NMI=0.3296 mod_rel=0.0942 cc_rel=0.132 deg_kl=1.239 | t= 15.4s ETA=6s
[  65/70] Chamelon   ours_v2   ε=3.5 rep=5  | NMI=0.3782 mod_rel=0.0992 cc_rel=0.067 deg_kl=1.052 | t= 14.9s ETA=5s
[  66/70] Chamelon   ours_v2   ε=3.5 rep=4  | NMI=0.3730 mod_rel=0.0670 cc_rel=0.187 deg_kl=1.135 | t= 15.0s ETA=4s
[  67/70] Chamelon   ours_v2   ε=3.5 rep=6  | NMI=0.3477 mod_rel=0.0824 cc_rel=0.085 deg_kl=1.484 | t= 14.7s ETA=3s
[  68/70] Chamelon   ours_v2   ε=3.5 rep=7  | NMI=0.3045 mod_rel=0.4119 cc_rel=0.169 deg_kl=1.201 | t= 14.5s ETA=2s
[  69/70] Chamelon   ours_v2   ε=3.5 rep=9  | NMI=0.3432 mod_rel=0.0829 cc_rel=0.113 deg_kl=1.175 | t= 13.3s ETA=1s
[  70/70] Chamelon   ours_v2   ε=3.5 rep=8  | NMI=0.2827 mod_rel=0.2887 cc_rel=0.012 deg_kl=1.152 | t= 13.9s ETA=0s

[main] 完成。总耗时: 1.1min

[加载数据集 Facebook]
  [基准:Facebook] 构建图 ...
  [基准:Facebook] 节点=4039, 边=88234
  [基准:Facebook] Louvain 社区划分 ...
  [基准:Facebook] 度分布 / 聚类系数 / 直径 ...
  [基准:Facebook] 特征向量中心性 ...
  [基准:Facebook] 完成。mod=0.8349, cc=0.5192, diam=8
  [基准:Facebook] 已缓存到 ./cache\Facebook.pkl

>>> 数据集 Facebook: 节点=4039, 任务=70, worker=19
[   1/70] Facebook   ours_v2   ε=0.5 rep=3  | NMI=0.2372 mod_rel=0.0944 cc_rel=0.061 deg_kl=1.563 | t= 59.2s ETA=1.23h
[   2/70] Facebook   ours_v2   ε=0.5 rep=2  | NMI=0.2423 mod_rel=0.0699 cc_rel=0.002 deg_kl=1.665 | t= 60.9s ETA=37.3min
[   3/70] Facebook   ours_v2   ε=0.5 rep=1  | NMI=0.2510 mod_rel=0.0893 cc_rel=0.033 deg_kl=1.562 | t= 61.5s ETA=24.7min
[   4/70] Facebook   ours_v2   ε=0.5 rep=7  | NMI=0.2465 mod_rel=0.0742 cc_rel=0.004 deg_kl=1.784 | t= 61.0s ETA=18.3min
[   5/70] Facebook   ours_v2   ε=0.5 rep=6  | NMI=0.2322 mod_rel=0.0650 cc_rel=0.008 deg_kl=1.613 | t= 62.0s ETA=14.6min
[   6/70] Facebook   ours_v2   ε=0.5 rep=8  | NMI=0.2348 mod_rel=0.0764 cc_rel=0.016 deg_kl=1.755 | t= 61.9s ETA=12.0min
[   7/70] Facebook   ours_v2   ε=0.5 rep=9  | NMI=0.2473 mod_rel=0.0944 cc_rel=0.048 deg_kl=1.312 | t= 62.9s ETA=10.3min
[   8/70] Facebook   ours_v2   ε=0.5 rep=0  | NMI=0.2510 mod_rel=0.0756 cc_rel=0.031 deg_kl=1.314 | t= 65.9s ETA=9.0min
[   9/70] Facebook   ours_v2   ε=0.5 rep=5  | NMI=0.2438 mod_rel=0.0909 cc_rel=0.056 deg_kl=1.448 | t= 65.0s ETA=7.9min
[  10/70] Facebook   ours_v2   ε=0.5 rep=4  | NMI=0.2554 mod_rel=0.1011 cc_rel=0.111 deg_kl=1.185 | t= 70.6s ETA=7.6min
[  11/70] Facebook   ours_v2   ε=1.0 rep=1  | NMI=0.2932 mod_rel=0.1153 cc_rel=0.026 deg_kl=0.762 | t= 78.7s ETA=7.6min
[  12/70] Facebook   ours_v2   ε=1.0 rep=6  | NMI=0.2890 mod_rel=0.1196 cc_rel=0.009 deg_kl=0.702 | t= 86.4s ETA=7.5min
[  13/70] Facebook   ours_v2   ε=1.0 rep=7  | NMI=0.2711 mod_rel=0.1881 cc_rel=0.159 deg_kl=0.755 | t= 89.0s ETA=7.0min
[  14/70] Facebook   ours_v2   ε=1.0 rep=8  | NMI=0.2738 mod_rel=0.1255 cc_rel=0.026 deg_kl=0.710 | t= 90.6s ETA=6.5min
[  15/70] Facebook   ours_v2   ε=1.0 rep=3  | NMI=0.2765 mod_rel=0.1434 cc_rel=0.080 deg_kl=0.730 | t= 91.1s ETA=5.9min
[  16/70] Facebook   ours_v2   ε=1.0 rep=0  | NMI=0.2688 mod_rel=0.1443 cc_rel=0.107 deg_kl=0.569 | t= 91.9s ETA=5.5min
[  17/70] Facebook   ours_v2   ε=1.0 rep=4  | NMI=0.2699 mod_rel=0.1194 cc_rel=0.022 deg_kl=0.578 | t= 92.7s ETA=5.1min
[  18/70] Facebook   ours_v2   ε=1.0 rep=2  | NMI=0.2724 mod_rel=0.1537 cc_rel=0.131 deg_kl=0.568 | t= 94.1s ETA=4.8min
[  19/70] Facebook   ours_v2   ε=1.0 rep=5  | NMI=0.2681 mod_rel=0.2052 cc_rel=0.280 deg_kl=0.625 | t=106.0s ETA=5.0min
[  20/70] Facebook   ours_v2   ε=1.5 rep=2  | NMI=0.3136 mod_rel=0.1589 cc_rel=0.151 deg_kl=0.610 | t=108.9s ETA=7.3min
[  21/70] Facebook   ours_v2   ε=1.5 rep=5  | NMI=0.3060 mod_rel=0.1603 cc_rel=0.159 deg_kl=0.542 | t=108.4s ETA=6.9min
[  22/70] Facebook   ours_v2   ε=1.0 rep=9  | NMI=0.2341 mod_rel=0.2098 cc_rel=0.290 deg_kl=0.760 | t=115.2s ETA=6.5min
[  23/70] Facebook   ours_v2   ε=1.5 rep=6  | NMI=0.2814 mod_rel=0.2489 cc_rel=0.273 deg_kl=0.447 | t=119.5s ETA=6.5min
[  24/70] Facebook   ours_v2   ε=1.5 rep=3  | NMI=0.2848 mod_rel=0.2062 cc_rel=0.319 deg_kl=0.449 | t=122.4s ETA=6.1min
[  25/70] Facebook   ours_v2   ε=1.5 rep=4  | NMI=0.2689 mod_rel=0.2168 cc_rel=0.310 deg_kl=0.540 | t=126.5s ETA=5.8min
[  26/70] Facebook   ours_v2   ε=1.5 rep=0  | NMI=0.2564 mod_rel=0.2863 cc_rel=0.486 deg_kl=0.434 | t=129.1s ETA=5.5min
[  27/70] Facebook   ours_v2   ε=1.5 rep=7  | NMI=0.2737 mod_rel=0.2496 cc_rel=0.391 deg_kl=0.428 | t=127.1s ETA=5.2min
[  28/70] Facebook   ours_v2   ε=1.5 rep=1  | NMI=0.2592 mod_rel=0.2581 cc_rel=0.423 deg_kl=0.464 | t=131.3s ETA=4.9min
[  29/70] Facebook   ours_v2   ε=1.5 rep=8  | NMI=0.2758 mod_rel=0.2148 cc_rel=0.338 deg_kl=0.590 | t=123.9s ETA=4.7min
[  30/70] Facebook   ours_v2   ε=1.5 rep=9  | NMI=0.2823 mod_rel=0.2074 cc_rel=0.249 deg_kl=0.513 | t=124.2s ETA=4.6min
[  31/70] Facebook   ours_v2   ε=2.0 rep=3  | NMI=0.3175 mod_rel=0.1572 cc_rel=0.091 deg_kl=0.451 | t=113.8s ETA=4.4min
[  32/70] Facebook   ours_v2   ε=2.0 rep=0  | NMI=0.2847 mod_rel=0.2393 cc_rel=0.483 deg_kl=0.384 | t=123.9s ETA=4.3min
[  33/70] Facebook   ours_v2   ε=2.0 rep=2  | NMI=0.3205 mod_rel=0.1535 cc_rel=0.161 deg_kl=0.458 | t=120.6s ETA=4.1min
[  34/70] Facebook   ours_v2   ε=2.0 rep=4  | NMI=0.2743 mod_rel=0.2406 cc_rel=0.427 deg_kl=0.494 | t=127.8s ETA=4.0min
[  35/70] Facebook   ours_v2   ε=2.0 rep=5  | NMI=0.2675 mod_rel=0.2165 cc_rel=0.369 deg_kl=0.449 | t=126.7s ETA=3.8min
[  36/70] Facebook   ours_v2   ε=2.0 rep=6  | NMI=0.2570 mod_rel=0.2370 cc_rel=0.419 deg_kl=0.486 | t=129.3s ETA=3.6min
[  37/70] Facebook   ours_v2   ε=2.0 rep=1  | NMI=0.2722 mod_rel=0.2375 cc_rel=0.402 deg_kl=0.406 | t=136.6s ETA=3.4min
[  38/70] Facebook   ours_v2   ε=2.0 rep=7  | NMI=0.2682 mod_rel=0.2564 cc_rel=0.337 deg_kl=0.379 | t=125.8s ETA=3.3min
[  39/70] Facebook   ours_v2   ε=2.0 rep=9  | NMI=0.2756 mod_rel=0.2484 cc_rel=0.310 deg_kl=0.477 | t=118.7s ETA=3.9min
[  40/70] Facebook   ours_v2   ε=2.0 rep=8  | NMI=0.2762 mod_rel=0.2436 cc_rel=0.331 deg_kl=0.380 | t=120.7s ETA=3.7min
[  41/70] Facebook   ours_v2   ε=2.5 rep=6  | NMI=0.3212 mod_rel=0.2025 cc_rel=0.386 deg_kl=0.411 | t=103.3s ETA=3.5min
[  42/70] Facebook   ours_v2   ε=2.5 rep=0  | NMI=0.2961 mod_rel=0.1431 cc_rel=0.246 deg_kl=0.520 | t=124.6s ETA=3.4min
[  43/70] Facebook   ours_v2   ε=2.5 rep=3  | NMI=0.2542 mod_rel=0.2592 cc_rel=0.360 deg_kl=0.410 | t=114.0s ETA=3.2min
[  44/70] Facebook   ours_v2   ε=2.5 rep=1  | NMI=0.2978 mod_rel=0.3181 cc_rel=0.512 deg_kl=0.434 | t=119.4s ETA=3.0min
[  45/70] Facebook   ours_v2   ε=2.5 rep=7  | NMI=0.2632 mod_rel=0.2838 cc_rel=0.332 deg_kl=0.399 | t=113.6s ETA=2.9min
[  46/70] Facebook   ours_v2   ε=2.5 rep=2  | NMI=0.2744 mod_rel=0.2061 cc_rel=0.417 deg_kl=0.394 | t=123.6s ETA=2.7min
[  47/70] Facebook   ours_v2   ε=2.5 rep=5  | NMI=0.2742 mod_rel=0.2053 cc_rel=0.408 deg_kl=0.441 | t=117.6s ETA=2.6min
[  48/70] Facebook   ours_v2   ε=2.5 rep=4  | NMI=0.2661 mod_rel=0.2910 cc_rel=0.258 deg_kl=0.361 | t=122.0s ETA=2.4min
[  49/70] Facebook   ours_v2   ε=2.5 rep=8  | NMI=0.3343 mod_rel=0.1858 cc_rel=0.365 deg_kl=0.431 | t=115.4s ETA=2.3min
[  50/70] Facebook   ours_v2   ε=2.5 rep=9  | NMI=0.2832 mod_rel=0.2476 cc_rel=0.528 deg_kl=0.387 | t=121.5s ETA=2.2min
[  51/70] Facebook   ours_v2   ε=3.0 rep=0  | NMI=0.3032 mod_rel=0.2144 cc_rel=0.455 deg_kl=0.383 | t=127.8s ETA=2.1min
[  52/70] Facebook   ours_v2   ε=3.0 rep=2  | NMI=0.2959 mod_rel=0.2181 cc_rel=0.465 deg_kl=0.336 | t=127.9s ETA=2.0min
[  53/70] Facebook   ours_v2   ε=3.0 rep=1  | NMI=0.3149 mod_rel=0.2520 cc_rel=0.468 deg_kl=0.347 | t=138.8s ETA=1.9min
[  54/70] Facebook   ours_v2   ε=3.0 rep=3  | NMI=0.2946 mod_rel=0.2083 cc_rel=0.407 deg_kl=0.453 | t=137.7s ETA=1.8min
[  55/70] Facebook   ours_v2   ε=3.0 rep=5  | NMI=0.2679 mod_rel=0.3026 cc_rel=0.557 deg_kl=0.411 | t=141.4s ETA=1.7min
[  56/70] Facebook   ours_v2   ε=3.0 rep=6  | NMI=0.2611 mod_rel=0.2402 cc_rel=0.289 deg_kl=0.357 | t=137.6s ETA=1.6min
[  57/70] Facebook   ours_v2   ε=3.0 rep=4  | NMI=0.2822 mod_rel=0.2696 cc_rel=0.581 deg_kl=0.414 | t=149.5s ETA=1.4min
[  58/70] Facebook   ours_v2   ε=3.0 rep=7  | NMI=0.2781 mod_rel=0.3032 cc_rel=0.380 deg_kl=0.371 | t=128.0s ETA=1.5min
[  59/70] Facebook   ours_v2   ε=3.0 rep=8  | NMI=0.2939 mod_rel=0.2484 cc_rel=0.401 deg_kl=0.290 | t=128.4s ETA=1.3min
[  60/70] Facebook   ours_v2   ε=3.5 rep=1  | NMI=0.3193 mod_rel=0.1583 cc_rel=0.280 deg_kl=0.384 | t=120.1s ETA=1.2min
[  61/70] Facebook   ours_v2   ε=3.0 rep=9  | NMI=0.2871 mod_rel=0.2187 cc_rel=0.340 deg_kl=0.343 | t=128.4s ETA=1.1min
[  62/70] Facebook   ours_v2   ε=3.5 rep=4  | NMI=0.3278 mod_rel=0.1470 cc_rel=0.229 deg_kl=0.422 | t=118.7s ETA=56s
[  63/70] Facebook   ours_v2   ε=3.5 rep=8  | NMI=0.2705 mod_rel=0.2502 cc_rel=0.535 deg_kl=0.362 | t=100.1s ETA=48s
[  64/70] Facebook   ours_v2   ε=3.5 rep=6  | NMI=0.3092 mod_rel=0.2583 cc_rel=0.535 deg_kl=0.373 | t=117.7s ETA=41s
[  65/70] Facebook   ours_v2   ε=3.5 rep=0  | NMI=0.2893 mod_rel=0.3049 cc_rel=0.257 deg_kl=0.327 | t=130.9s ETA=33s
[  66/70] Facebook   ours_v2   ε=3.5 rep=5  | NMI=0.2712 mod_rel=0.2432 cc_rel=0.522 deg_kl=0.316 | t=121.2s ETA=26s
[  67/70] Facebook   ours_v2   ε=3.5 rep=3  | NMI=0.2506 mod_rel=0.2419 cc_rel=0.379 deg_kl=0.348 | t=122.9s ETA=20s
[  68/70] Facebook   ours_v2   ε=3.5 rep=2  | NMI=0.2752 mod_rel=0.2306 cc_rel=0.436 deg_kl=0.314 | t=127.8s ETA=13s
[  69/70] Facebook   ours_v2   ε=3.5 rep=9  | NMI=0.2927 mod_rel=0.2876 cc_rel=0.481 deg_kl=0.309 | t= 93.2s ETA=6s
[  70/70] Facebook   ours_v2   ε=3.5 rep=7  | NMI=0.2921 mod_rel=0.2841 cc_rel=0.533 deg_kl=0.431 | t=115.2s ETA=0s

[main] 完成。总耗时: 7.3min

[加载数据集 CA-HepPh]
  [基准:CA-HepPh] 构建图 ...
  [基准:CA-HepPh] 节点=12008, 边=118489
  [基准:CA-HepPh] Louvain 社区划分 ...
  [基准:CA-HepPh] 度分布 / 聚类系数 / 直径 ...
  [基准:CA-HepPh] 特征向量中心性 ...
  [基准:CA-HepPh] 完成。mod=0.6588, cc=0.6595, diam=13
  [基准:CA-HepPh] 已缓存到 ./cache\CA-HepPh.pkl

>>> 数据集 CA-HepPh: 节点=12008, 任务=70, worker=6
[   1/70] CA-HepPh   ours_v2   ε=0.5 rep=2  | NMI=0.3331 mod_rel=0.2341 cc_rel=0.157 deg_kl=2.127 | t= 29.7s ETA=39.1min
[   2/70] CA-HepPh   ours_v2   ε=0.5 rep=1  | NMI=0.3524 mod_rel=0.1604 cc_rel=0.178 deg_kl=2.036 | t= 31.2s ETA=20.1min
[   3/70] CA-HepPh   ours_v2   ε=0.5 rep=0  | NMI=0.3431 mod_rel=0.2340 cc_rel=0.170 deg_kl=2.161 | t= 32.4s ETA=13.7min
[   4/70] CA-HepPh   ours_v2   ε=0.5 rep=3  | NMI=0.3687 mod_rel=0.1884 cc_rel=0.201 deg_kl=2.122 | t= 32.6s ETA=10.1min
[   5/70] CA-HepPh   ours_v2   ε=0.5 rep=5  | NMI=0.3473 mod_rel=0.2395 cc_rel=0.191 deg_kl=2.002 | t= 33.2s ETA=8.1min
[   6/70] CA-HepPh   ours_v2   ε=0.5 rep=4  | NMI=0.3429 mod_rel=0.2326 cc_rel=0.143 deg_kl=2.169 | t= 33.5s ETA=6.7min
[   7/70] CA-HepPh   ours_v2   ε=0.5 rep=7  | NMI=0.3547 mod_rel=0.1942 cc_rel=0.203 deg_kl=2.037 | t= 29.1s ETA=9.7min
[   8/70] CA-HepPh   ours_v2   ε=0.5 rep=6  | NMI=0.3511 mod_rel=0.2390 cc_rel=0.179 deg_kl=2.190 | t= 32.3s ETA=8.6min
[   9/70] CA-HepPh   ours_v2   ε=0.5 rep=8  | NMI=0.3297 mod_rel=0.2350 cc_rel=0.178 deg_kl=2.115 | t= 29.9s ETA=7.5min
[  10/70] CA-HepPh   ours_v2   ε=0.5 rep=9  | NMI=0.3567 mod_rel=0.2479 cc_rel=0.156 deg_kl=2.289 | t= 31.1s ETA=6.8min
[  11/70] CA-HepPh   ours_v2   ε=1.0 rep=1  | NMI=0.3662 mod_rel=0.1401 cc_rel=0.041 deg_kl=1.780 | t= 34.2s ETA=6.4min
[  12/70] CA-HepPh   ours_v2   ε=1.0 rep=0  | NMI=0.3827 mod_rel=0.0632 cc_rel=0.060 deg_kl=1.764 | t= 35.1s ETA=5.8min
[  13/70] CA-HepPh   ours_v2   ε=1.0 rep=2  | NMI=0.3768 mod_rel=0.0158 cc_rel=0.018 deg_kl=1.868 | t= 36.3s ETA=7.4min
[  14/70] CA-HepPh   ours_v2   ε=1.0 rep=4  | NMI=0.3867 mod_rel=0.0093 cc_rel=0.118 deg_kl=1.740 | t= 38.0s ETA=7.0min
[  15/70] CA-HepPh   ours_v2   ε=1.0 rep=5  | NMI=0.3744 mod_rel=0.1103 cc_rel=0.067 deg_kl=1.747 | t= 37.1s ETA=6.4min
[  16/70] CA-HepPh   ours_v2   ε=1.0 rep=3  | NMI=0.3824 mod_rel=0.0278 cc_rel=0.119 deg_kl=1.690 | t= 39.3s ETA=5.9min
[  17/70] CA-HepPh   ours_v2   ε=1.0 rep=7  | NMI=0.3647 mod_rel=0.1733 cc_rel=0.156 deg_kl=1.624 | t= 34.9s ETA=5.6min
[  18/70] CA-HepPh   ours_v2   ε=1.0 rep=6  | NMI=0.3835 mod_rel=0.0437 cc_rel=0.083 deg_kl=1.687 | t= 37.7s ETA=5.3min
[  19/70] CA-HepPh   ours_v2   ε=1.0 rep=8  | NMI=0.3829 mod_rel=0.1178 cc_rel=0.060 deg_kl=1.705 | t= 35.3s ETA=6.1min
[  20/70] CA-HepPh   ours_v2   ε=1.0 rep=9  | NMI=0.3759 mod_rel=0.0772 cc_rel=0.062 deg_kl=1.746 | t= 33.1s ETA=5.7min
[  21/70] CA-HepPh   ours_v2   ε=1.5 rep=1  | NMI=0.3832 mod_rel=0.0197 cc_rel=0.287 deg_kl=1.498 | t= 34.2s ETA=5.4min
[  22/70] CA-HepPh   ours_v2   ε=1.5 rep=0  | NMI=0.3781 mod_rel=0.0875 cc_rel=0.376 deg_kl=1.522 | t= 35.0s ETA=5.1min
[  23/70] CA-HepPh   ours_v2   ε=1.5 rep=2  | NMI=0.3826 mod_rel=0.1010 cc_rel=0.431 deg_kl=1.460 | t= 34.3s ETA=4.8min
[  24/70] CA-HepPh   ours_v2   ε=1.5 rep=3  | NMI=0.3756 mod_rel=0.0660 cc_rel=0.387 deg_kl=1.317 | t= 35.2s ETA=4.6min
[  25/70] CA-HepPh   ours_v2   ε=1.5 rep=4  | NMI=0.3859 mod_rel=0.1410 cc_rel=0.450 deg_kl=1.415 | t= 30.2s ETA=5.0min
[  26/70] CA-HepPh   ours_v2   ε=1.5 rep=5  | NMI=0.3870 mod_rel=0.0224 cc_rel=0.287 deg_kl=1.421 | t= 30.0s ETA=4.7min
[  27/70] CA-HepPh   ours_v2   ε=1.5 rep=6  | NMI=0.3843 mod_rel=0.0933 cc_rel=0.170 deg_kl=1.356 | t= 29.9s ETA=4.5min
[  28/70] CA-HepPh   ours_v2   ε=1.5 rep=7  | NMI=0.3837 mod_rel=0.1349 cc_rel=0.453 deg_kl=1.473 | t= 30.7s ETA=4.3min
[  29/70] CA-HepPh   ours_v2   ε=1.5 rep=8  | NMI=0.3802 mod_rel=0.0726 cc_rel=0.359 deg_kl=1.528 | t= 29.5s ETA=4.0min
[  30/70] CA-HepPh   ours_v2   ε=1.5 rep=9  | NMI=0.3810 mod_rel=0.0843 cc_rel=0.375 deg_kl=1.504 | t= 31.1s ETA=3.9min
[  31/70] CA-HepPh   ours_v2   ε=2.0 rep=0  | NMI=0.3847 mod_rel=0.1731 cc_rel=0.510 deg_kl=1.176 | t= 31.7s ETA=4.2min
[  32/70] CA-HepPh   ours_v2   ε=2.0 rep=1  | NMI=0.3869 mod_rel=0.1673 cc_rel=0.480 deg_kl=1.135 | t= 30.8s ETA=3.9min
[  33/70] CA-HepPh   ours_v2   ε=2.0 rep=2  | NMI=0.3873 mod_rel=0.1125 cc_rel=0.451 deg_kl=1.073 | t= 30.3s ETA=3.7min
[  34/70] CA-HepPh   ours_v2   ε=2.0 rep=3  | NMI=0.3880 mod_rel=0.1808 cc_rel=0.522 deg_kl=1.188 | t= 30.2s ETA=3.5min
[  35/70] CA-HepPh   ours_v2   ε=2.0 rep=4  | NMI=0.3952 mod_rel=0.1591 cc_rel=0.466 deg_kl=1.245 | t= 31.5s ETA=3.4min
[  36/70] CA-HepPh   ours_v2   ε=2.0 rep=5  | NMI=0.3801 mod_rel=0.1462 cc_rel=0.477 deg_kl=1.082 | t= 30.8s ETA=3.3min
[  37/70] CA-HepPh   ours_v2   ε=2.0 rep=6  | NMI=0.3794 mod_rel=0.1156 cc_rel=0.442 deg_kl=1.139 | t= 31.2s ETA=3.4min
[  38/70] CA-HepPh   ours_v2   ε=2.0 rep=7  | NMI=0.3770 mod_rel=0.2237 cc_rel=0.545 deg_kl=1.179 | t= 31.7s ETA=3.2min
[  39/70] CA-HepPh   ours_v2   ε=2.0 rep=8  | NMI=0.3877 mod_rel=0.1421 cc_rel=0.471 deg_kl=1.171 | t= 30.9s ETA=3.1min
[  40/70] CA-HepPh   ours_v2   ε=2.0 rep=9  | NMI=0.3856 mod_rel=0.2783 cc_rel=0.583 deg_kl=1.228 | t= 30.9s ETA=2.9min
[  41/70] CA-HepPh   ours_v2   ε=2.5 rep=0  | NMI=0.3894 mod_rel=0.1529 cc_rel=0.452 deg_kl=1.115 | t= 29.7s ETA=2.7min
[  42/70] CA-HepPh   ours_v2   ε=2.5 rep=1  | NMI=0.3834 mod_rel=0.1508 cc_rel=0.513 deg_kl=1.099 | t= 30.2s ETA=2.6min
[  43/70] CA-HepPh   ours_v2   ε=2.5 rep=2  | NMI=0.3770 mod_rel=0.1367 cc_rel=0.418 deg_kl=1.065 | t= 31.5s ETA=2.7min
[  44/70] CA-HepPh   ours_v2   ε=2.5 rep=3  | NMI=0.3863 mod_rel=0.1801 cc_rel=0.495 deg_kl=0.990 | t= 30.9s ETA=2.6min
[  45/70] CA-HepPh   ours_v2   ε=2.5 rep=4  | NMI=0.3879 mod_rel=0.1663 cc_rel=0.478 deg_kl=0.961 | t= 30.7s ETA=2.4min
[  46/70] CA-HepPh   ours_v2   ε=2.5 rep=6  | NMI=0.3756 mod_rel=0.2122 cc_rel=0.541 deg_kl=1.018 | t= 30.5s ETA=2.3min
[  47/70] CA-HepPh   ours_v2   ε=2.5 rep=5  | NMI=0.3793 mod_rel=0.1985 cc_rel=0.529 deg_kl=1.025 | t= 31.8s ETA=2.2min
[  48/70] CA-HepPh   ours_v2   ε=2.5 rep=7  | NMI=0.3823 mod_rel=0.1328 cc_rel=0.461 deg_kl=1.079 | t= 31.0s ETA=2.0min
[  49/70] CA-HepPh   ours_v2   ε=2.5 rep=8  | NMI=0.3784 mod_rel=0.1217 cc_rel=0.390 deg_kl=1.101 | t= 29.9s ETA=2.1min
[  50/70] CA-HepPh   ours_v2   ε=2.5 rep=9  | NMI=0.3838 mod_rel=0.2086 cc_rel=0.543 deg_kl=1.051 | t= 30.9s ETA=1.9min
[  51/70] CA-HepPh   ours_v2   ε=3.0 rep=0  | NMI=0.3526 mod_rel=0.2966 cc_rel=0.249 deg_kl=1.004 | t= 31.3s ETA=1.8min
[  52/70] CA-HepPh   ours_v2   ε=3.0 rep=2  | NMI=0.3786 mod_rel=0.1392 cc_rel=0.229 deg_kl=1.101 | t= 30.4s ETA=1.7min
[  53/70] CA-HepPh   ours_v2   ε=3.0 rep=1  | NMI=0.3634 mod_rel=0.1991 cc_rel=0.538 deg_kl=0.979 | t= 31.5s ETA=1.6min
[  54/70] CA-HepPh   ours_v2   ε=3.0 rep=3  | NMI=0.3670 mod_rel=0.2185 cc_rel=0.275 deg_kl=1.027 | t= 29.7s ETA=1.5min
[  55/70] CA-HepPh   ours_v2   ε=3.0 rep=4  | NMI=0.3727 mod_rel=0.1148 cc_rel=0.468 deg_kl=1.030 | t= 31.0s ETA=1.5min
[  56/70] CA-HepPh   ours_v2   ε=3.0 rep=6  | NMI=0.3904 mod_rel=0.1277 cc_rel=0.342 deg_kl=1.071 | t= 29.9s ETA=1.3min
[  57/70] CA-HepPh   ours_v2   ε=3.0 rep=5  | NMI=0.3794 mod_rel=0.1782 cc_rel=0.506 deg_kl=1.023 | t= 31.0s ETA=1.2min
[  58/70] CA-HepPh   ours_v2   ε=3.0 rep=8  | NMI=0.3636 mod_rel=0.2092 cc_rel=0.222 deg_kl=1.069 | t= 29.9s ETA=1.1min
[  59/70] CA-HepPh   ours_v2   ε=3.0 rep=7  | NMI=0.3703 mod_rel=0.1465 cc_rel=0.280 deg_kl=1.028 | t= 31.1s ETA=1.0min
[  60/70] CA-HepPh   ours_v2   ε=3.0 rep=9  | NMI=0.3826 mod_rel=0.0844 cc_rel=0.436 deg_kl=1.078 | t= 30.6s ETA=55s
[  61/70] CA-HepPh   ours_v2   ε=3.5 rep=0  | NMI=0.3655 mod_rel=0.1855 cc_rel=0.326 deg_kl=0.979 | t= 30.6s ETA=52s
[  62/70] CA-HepPh   ours_v2   ε=3.5 rep=1  | NMI=0.3770 mod_rel=0.2083 cc_rel=0.197 deg_kl=1.070 | t= 30.2s ETA=46s
[  63/70] CA-HepPh   ours_v2   ε=3.5 rep=3  | NMI=0.3661 mod_rel=0.1722 cc_rel=0.372 deg_kl=0.957 | t= 29.4s ETA=39s
[  64/70] CA-HepPh   ours_v2   ε=3.5 rep=2  | NMI=0.3594 mod_rel=0.1893 cc_rel=0.380 deg_kl=0.956 | t= 32.2s ETA=33s
[  65/70] CA-HepPh   ours_v2   ε=3.5 rep=4  | NMI=0.3555 mod_rel=0.2023 cc_rel=0.349 deg_kl=0.989 | t= 30.8s ETA=27s
[  66/70] CA-HepPh   ours_v2   ε=3.5 rep=5  | NMI=0.3539 mod_rel=0.2068 cc_rel=0.430 deg_kl=0.908 | t= 31.0s ETA=22s
[  67/70] CA-HepPh   ours_v2   ε=3.5 rep=6  | NMI=0.3703 mod_rel=0.2184 cc_rel=0.503 deg_kl=0.931 | t= 28.0s ETA=17s
[  68/70] CA-HepPh   ours_v2   ε=3.5 rep=7  | NMI=0.3481 mod_rel=0.2190 cc_rel=0.479 deg_kl=0.797 | t= 27.8s ETA=11s
[  69/70] CA-HepPh   ours_v2   ε=3.5 rep=8  | NMI=0.3572 mod_rel=0.3011 cc_rel=0.236 deg_kl=0.950 | t= 27.6s ETA=6s
[  70/70] CA-HepPh   ours_v2   ε=3.5 rep=9  | NMI=0.3531 mod_rel=0.2286 cc_rel=0.327 deg_kl=0.946 | t= 26.8s ETA=0s

[main] 完成。总耗时: 6.4min

>>> 数据集 Enron: 节点=33696, 任务=70, worker=3
[   1/70] Enron      ours_v2   ε=0.5 rep=2  | NMI=0.3267 mod_rel=0.4600 cc_rel=5.852 deg_kl=2.078 | t=376.2s ETA=7.25h
[   2/70] Enron      ours_v2   ε=0.5 rep=0  | NMI=0.3256 mod_rel=0.4812 cc_rel=6.095 deg_kl=2.011 | t=382.8s ETA=3.63h
[   3/70] Enron      ours_v2   ε=0.5 rep=1  | NMI=0.3311 mod_rel=0.4695 cc_rel=6.052 deg_kl=2.133 | t=383.7s ETA=2.39h
[   4/70] Enron      ours_v2   ε=0.5 rep=3  | NMI=0.3310 mod_rel=0.4634 cc_rel=5.981 deg_kl=2.016 | t=327.7s ETA=3.23h
[   5/70] Enron      ours_v2   ε=0.5 rep=5  | NMI=0.3305 mod_rel=0.4638 cc_rel=6.084 deg_kl=2.155 | t=359.5s ETA=2.69h
[   6/70] Enron      ours_v2   ε=0.5 rep=4  | NMI=0.3293 mod_rel=0.4680 cc_rel=5.945 deg_kl=1.991 | t=360.7s ETA=2.21h
[   7/70] Enron      ours_v2   ε=0.5 rep=6  | NMI=0.3287 mod_rel=0.4666 cc_rel=5.949 deg_kl=2.025 | t=122.2s ETA=2.07h
[   8/70] Enron      ours_v2   ε=0.5 rep=8  | NMI=0.3291 mod_rel=0.4545 cc_rel=5.879 deg_kl=1.978 | t=343.1s ETA=2.34h
[   9/70] Enron      ours_v2   ε=0.5 rep=7  | NMI=0.3295 mod_rel=0.4668 cc_rel=5.897 deg_kl=1.964 | t=350.9s ETA=2.06h
[  10/70] Enron      ours_v2   ε=0.5 rep=9  | NMI=0.3327 mod_rel=0.4553 cc_rel=5.879 deg_kl=2.103 | t=280.9s ETA=1.85h
[  11/70] Enron      ours_v2   ε=1.0 rep=0  | NMI=0.3266 mod_rel=0.4911 cc_rel=5.348 deg_kl=1.916 | t=346.1s ETA=2.14h
[  12/70] Enron      ours_v2   ε=1.0 rep=1  | NMI=0.3255 mod_rel=0.5017 cc_rel=5.121 deg_kl=1.874 | t=384.6s ETA=1.99h
[  13/70] Enron      ours_v2   ε=1.0 rep=2  | NMI=0.3310 mod_rel=0.4484 cc_rel=4.743 deg_kl=1.806 | t=377.8s ETA=1.81h
[  14/70] Enron      ours_v2   ε=1.0 rep=3  | NMI=0.3217 mod_rel=0.5094 cc_rel=5.530 deg_kl=1.923 | t=126.4s ETA=1.73h
[  15/70] Enron      ours_v2   ε=1.0 rep=5  | NMI=0.3291 mod_rel=0.4899 cc_rel=4.724 deg_kl=1.816 | t=300.2s ETA=1.82h
[  16/70] Enron      ours_v2   ε=1.0 rep=4  | NMI=0.3291 mod_rel=0.4817 cc_rel=4.849 deg_kl=1.842 | t=323.6s ETA=1.69h
[  17/70] Enron      ours_v2   ε=1.0 rep=6  | NMI=0.3259 mod_rel=0.4942 cc_rel=4.940 deg_kl=1.752 | t=268.0s ETA=1.58h
[  18/70] Enron      ours_v2   ε=1.0 rep=7  | NMI=0.3231 mod_rel=0.4942 cc_rel=5.521 deg_kl=1.926 | t=125.2s ETA=1.54h
[  19/70] Enron      ours_v2   ε=1.0 rep=8  | NMI=0.3239 mod_rel=0.4877 cc_rel=4.988 deg_kl=1.777 | t=193.3s ETA=1.49h
[  20/70] Enron      ours_v2   ε=1.0 rep=9  | NMI=0.3240 mod_rel=0.5017 cc_rel=5.587 deg_kl=1.961 | t=194.5s ETA=1.41h
[  21/70] Enron      ours_v2   ε=1.5 rep=0  | NMI=0.3363 mod_rel=0.3760 cc_rel=3.104 deg_kl=1.527 | t=149.1s ETA=1.34h
[  22/70] Enron      ours_v2   ε=1.5 rep=1  | NMI=0.3340 mod_rel=0.4085 cc_rel=2.645 deg_kl=1.448 | t=137.1s ETA=1.29h
[  23/70] Enron      ours_v2   ε=1.5 rep=2  | NMI=0.3484 mod_rel=0.2709 cc_rel=2.608 deg_kl=1.489 | t=135.5s ETA=1.23h
[  24/70] Enron      ours_v2   ε=1.5 rep=3  | NMI=0.3379 mod_rel=0.3633 cc_rel=3.257 deg_kl=1.507 | t=145.9s ETA=1.18h
[  25/70] Enron      ours_v2   ε=1.5 rep=4  | NMI=0.3453 mod_rel=0.3220 cc_rel=2.873 deg_kl=1.511 | t=212.2s ETA=1.17h
[  26/70] Enron      ours_v2   ε=1.5 rep=5  | NMI=0.3350 mod_rel=0.4087 cc_rel=3.698 deg_kl=1.566 | t=256.9s ETA=1.14h
[  27/70] Enron      ours_v2   ε=1.5 rep=6  | NMI=0.3341 mod_rel=0.3805 cc_rel=2.948 deg_kl=1.508 | t=234.1s ETA=1.08h
[  28/70] Enron      ours_v2   ε=1.5 rep=7  | NMI=0.3424 mod_rel=0.3437 cc_rel=2.986 deg_kl=1.509 | t=147.0s ETA=1.04h
[  29/70] Enron      ours_v2   ε=1.5 rep=8  | NMI=0.3439 mod_rel=0.3134 cc_rel=2.914 deg_kl=1.509 | t=186.4s ETA=1.02h
[  30/70] Enron      ours_v2   ε=1.5 rep=9  | NMI=0.3460 mod_rel=0.2762 cc_rel=3.072 deg_kl=1.520 | t=174.8s ETA=58.1min
[  31/70] Enron      ours_v2   ε=2.0 rep=0  | NMI=0.3271 mod_rel=0.4437 cc_rel=3.119 deg_kl=1.455 | t=147.2s ETA=55.4min
[  32/70] Enron      ours_v2   ε=2.0 rep=1  | NMI=0.3481 mod_rel=0.2314 cc_rel=2.517 deg_kl=1.499 | t=199.1s ETA=55.4min
[  33/70] Enron      ours_v2   ε=2.0 rep=2  | NMI=0.3381 mod_rel=0.3621 cc_rel=2.570 deg_kl=1.349 | t=221.5s ETA=53.0min
[  34/70] Enron      ours_v2   ε=2.0 rep=3  | NMI=0.3482 mod_rel=0.1899 cc_rel=1.645 deg_kl=1.396 | t=222.0s ETA=50.5min
[  35/70] Enron      ours_v2   ε=2.0 rep=4  | NMI=0.3478 mod_rel=0.2963 cc_rel=2.778 deg_kl=1.396 | t=127.2s ETA=48.8min
[  36/70] Enron      ours_v2   ε=2.0 rep=5  | NMI=0.3500 mod_rel=0.2554 cc_rel=2.343 deg_kl=1.392 | t=127.0s ETA=46.7min
[  37/70] Enron      ours_v2   ε=2.0 rep=6  | NMI=0.3516 mod_rel=0.1959 cc_rel=1.981 deg_kl=1.457 | t=129.6s ETA=44.5min
[  38/70] Enron      ours_v2   ε=2.0 rep=7  | NMI=0.3221 mod_rel=0.4685 cc_rel=3.476 deg_kl=1.500 | t=131.2s ETA=42.9min
[  39/70] Enron      ours_v2   ε=2.0 rep=8  | NMI=0.3430 mod_rel=0.2898 cc_rel=2.633 deg_kl=1.465 | t=132.4s ETA=41.0min
[  40/70] Enron      ours_v2   ε=2.0 rep=9  | NMI=0.3538 mod_rel=0.1481 cc_rel=1.872 deg_kl=1.427 | t=132.4s ETA=39.1min
[  41/70] Enron      ours_v2   ε=2.5 rep=0  | NMI=0.3354 mod_rel=0.3461 cc_rel=1.623 deg_kl=1.237 | t=135.2s ETA=37.7min
[  42/70] Enron      ours_v2   ε=2.5 rep=1  | NMI=0.3459 mod_rel=0.2827 cc_rel=1.997 deg_kl=1.300 | t=132.8s ETA=35.9min
[  43/70] Enron      ours_v2   ε=2.5 rep=2  | NMI=0.3482 mod_rel=0.0994 cc_rel=1.290 deg_kl=1.311 | t=132.8s ETA=34.1min
[  44/70] Enron      ours_v2   ε=2.5 rep=3  | NMI=0.3460 mod_rel=0.1680 cc_rel=1.232 deg_kl=1.330 | t=134.1s ETA=32.8min
[  45/70] Enron      ours_v2   ε=2.5 rep=4  | NMI=0.3504 mod_rel=0.1056 cc_rel=1.246 deg_kl=1.275 | t=139.6s ETA=31.2min
[  46/70] Enron      ours_v2   ε=2.5 rep=5  | NMI=0.3412 mod_rel=0.3060 cc_rel=1.950 deg_kl=1.298 | t=135.5s ETA=29.5min
[  47/70] Enron      ours_v2   ε=2.5 rep=6  | NMI=0.3479 mod_rel=0.1219 cc_rel=1.311 deg_kl=1.371 | t=131.7s ETA=28.2min
[  48/70] Enron      ours_v2   ε=2.5 rep=7  | NMI=0.3406 mod_rel=0.3211 cc_rel=1.756 deg_kl=1.244 | t=133.8s ETA=26.8min
[  49/70] Enron      ours_v2   ε=2.5 rep=8  | NMI=0.3443 mod_rel=0.2816 cc_rel=1.955 deg_kl=1.341 | t=133.9s ETA=25.2min
[  50/70] Enron      ours_v2   ε=2.5 rep=9  | NMI=0.3491 mod_rel=0.1186 cc_rel=1.286 deg_kl=1.298 | t=131.6s ETA=23.9min
[  51/70] Enron      ours_v2   ε=3.0 rep=0  | NMI=0.3508 mod_rel=0.0716 cc_rel=1.206 deg_kl=1.274 | t=174.7s ETA=22.8min
[  52/70] Enron      ours_v2   ε=3.0 rep=1  | NMI=0.3627 mod_rel=0.0508 cc_rel=1.455 deg_kl=1.411 | t=168.5s ETA=21.3min
[  53/70] Enron      ours_v2   ε=3.0 rep=2  | NMI=0.3368 mod_rel=0.3444 cc_rel=1.808 deg_kl=1.229 | t=146.7s ETA=20.0min
[  54/70] Enron      ours_v2   ε=3.0 rep=3  | NMI=0.3426 mod_rel=0.2149 cc_rel=1.204 deg_kl=1.157 | t=240.3s ETA=19.3min
[  55/70] Enron      ours_v2   ε=3.0 rep=4  | NMI=0.3503 mod_rel=0.1184 cc_rel=1.287 deg_kl=1.246 | t=341.0s ETA=18.3min
[  56/70] Enron      ours_v2   ε=3.0 rep=5  | NMI=0.3590 mod_rel=0.0217 cc_rel=1.316 deg_kl=1.376 | t=353.6s ETA=17.1min
[  57/70] Enron      ours_v2   ε=3.0 rep=6  | NMI=0.3500 mod_rel=0.1146 cc_rel=1.435 deg_kl=1.369 | t=187.8s ETA=15.6min
[  58/70] Enron      ours_v2   ε=3.0 rep=7  | NMI=0.3589 mod_rel=0.0224 cc_rel=1.185 deg_kl=1.360 | t=132.1s ETA=14.4min
[  59/70] Enron      ours_v2   ε=3.0 rep=8  | NMI=0.3489 mod_rel=0.2900 cc_rel=2.158 deg_kl=1.373 | t=215.5s ETA=13.4min
[  60/70] Enron      ours_v2   ε=3.5 rep=0  | NMI=0.3339 mod_rel=0.1484 cc_rel=0.643 deg_kl=1.063 | t=173.3s ETA=12.1min
[  61/70] Enron      ours_v2   ε=3.0 rep=9  | NMI=0.3496 mod_rel=0.1279 cc_rel=1.283 deg_kl=1.270 | t=260.0s ETA=10.7min
[  62/70] Enron      ours_v2   ε=3.5 rep=1  | NMI=0.3550 mod_rel=0.1335 cc_rel=1.120 deg_kl=1.215 | t=136.6s ETA=9.6min
[  63/70] Enron      ours_v2   ε=3.5 rep=2  | NMI=0.3515 mod_rel=0.0084 cc_rel=0.724 deg_kl=1.168 | t=133.1s ETA=8.3min
[  64/70] Enron      ours_v2   ε=3.5 rep=3  | NMI=0.3574 mod_rel=0.0773 cc_rel=0.704 deg_kl=1.323 | t=134.6s ETA=7.0min
[  65/70] Enron      ours_v2   ε=3.5 rep=4  | NMI=0.3435 mod_rel=0.2673 cc_rel=1.209 deg_kl=1.111 | t=128.0s ETA=5.9min
[  66/70] Enron      ours_v2   ε=3.5 rep=5  | NMI=0.3438 mod_rel=0.2481 cc_rel=1.072 deg_kl=1.156 | t=213.7s ETA=4.7min
[  67/70] Enron      ours_v2   ε=3.5 rep=6  | NMI=0.3430 mod_rel=0.2579 cc_rel=1.315 deg_kl=1.097 | t=252.0s ETA=3.5min
[  68/70] Enron      ours_v2   ε=3.5 rep=7  | NMI=0.3522 mod_rel=0.0279 cc_rel=0.885 deg_kl=1.221 | t=194.9s ETA=2.3min
[  69/70] Enron      ours_v2   ε=3.5 rep=8  | NMI=0.3412 mod_rel=0.1178 cc_rel=0.604 deg_kl=1.140 | t=131.4s ETA=1.2min
[  70/70] Enron      ours_v2   ε=3.5 rep=9  | NMI=0.3578 mod_rel=0.1064 cc_rel=0.584 deg_kl=1.271 | t=111.7s ETA=0s

[main] 完成。总耗时: 1.35h

==============================================================================
  Job 2: 超参敏感性扫描（inter_ratio，仅 ours）
==============================================================================
已完成: 150/150
剩余:   0
  [跳过] 全部已完成

全部任务完成。总耗时: 1.61h

==============================================================================
  实验结果汇总（按均值聚合）
==============================================================================

Job 1 主对比（合并 main + main_v2）- 840 行：
                               nmi  mod_rel   deg_kl  cc_rel  diam_rel   n
dataset  method    epsilon                                                
CA-HepPh ours      0.5      0.3543   0.2306   2.1805  0.1728    0.0538  10
                   1.0      0.3770   0.0936   1.7619  0.0784    0.1000  10
                   1.5      0.3862   0.0836   1.4247  0.3839    0.2385  10
                   2.0      0.3886   0.1780   1.1364  0.4984    0.3923  10
                   2.5      0.3856   0.1632   1.0488  0.4495    0.4154  10
                   3.0      0.3746   0.1610   1.0340  0.4135    0.4231  10
                   3.5      0.3642   0.1881   0.9338  0.3379    0.4308  10
         ours_v2   0.5      0.3480   0.2205   2.1247  0.1756    0.0769  10
                   1.0      0.3776   0.0778   1.7350  0.0783    0.0846  10
                   1.5      0.3821   0.0823   1.4495  0.3576    0.2308  10
                   2.0      0.3852   0.1699   1.1615  0.4947    0.3538  10
                   2.5      0.3823   0.1661   1.0505  0.4820    0.4154  10
                   3.0      0.3720   0.1714   1.0410  0.3544    0.3846  10
                   3.5      0.3606   0.2131   0.9483  0.3598    0.4385  10
         privgraph 0.5      0.0384   0.6025  13.5152  0.8987    0.6077  10
                   1.0      0.0510   0.4452   5.6489  0.3629    0.5462  10
                   1.5      0.0601   0.3966   1.6888  0.5204    0.4615  10
                   2.0      0.0708   0.3661   1.0466  0.5796    0.4231  10
                   2.5      0.0747   0.3124   0.7895  0.5605    0.3692  10
                   3.0      0.0800   0.2728   0.7173  0.4962    0.3538  10
                   3.5      0.0852   0.2904   0.5461  0.4635    0.2923  10
Chamelon ours      0.5      0.2713   0.0270   2.8537  0.6827    0.2545  10
                   1.0      0.2940   0.0676   1.5505  0.4654    0.3636  10
                   1.5      0.3047   0.1128   1.4044  0.2871    0.4000  10
                   2.0      0.3174   0.1226   1.2847  0.2342    0.4091  10
                   2.5      0.3174   0.1596   1.2798  0.1213    0.4091  10
                   3.0      0.3295   0.1568   1.2430  0.1047    0.4545  10
                   3.5      0.3253   0.1983   1.2745  0.0605    0.4364  10
         ours_v2   0.5      0.2679   0.0358   2.8761  0.7026    0.2727  10
                   1.0      0.2854   0.0765   1.6900  0.5089    0.3364  10
                   1.5      0.2911   0.1386   1.5153  0.2680    0.3727  10
                   2.0      0.3045   0.1588   1.2984  0.1731    0.4000  10
                   2.5      0.3314   0.1532   1.2019  0.1172    0.4455  10
                   3.0      0.3415   0.1183   1.2491  0.1236    0.4455  10
                   3.5      0.3303   0.1495   1.2228  0.1046    0.4091  10
         privgraph 0.5      0.0159   0.6531  13.7590  0.8354    0.6364  10
                   1.0      0.0929   0.4834   7.4956  0.2136    0.6091  10
                   1.5      0.1580   0.4094   2.5011  0.1157    0.5364  10
                   2.0      0.1829   0.3526   1.7904  0.0690    0.5182  10
                   2.5      0.2059   0.2962   1.2718  0.0572    0.4727  10
                   3.0      0.2295   0.3131   1.0535  0.0852    0.4364  10
                   3.5      0.2351   0.2601   0.9923  0.0631    0.4182  10
Enron    ours      0.5      0.3288   0.4603   2.0813  5.8681    0.5231  10
                   1.0      0.3250   0.4953   1.8364  5.1486    0.3231  10
                   1.5      0.3402   0.3551   1.5420  3.0597    0.1231  10
                   2.0      0.3405   0.3093   1.4436  2.6673    0.1000  10
                   2.5      0.3409   0.2852   1.2974  1.8247    0.0462  10
                   3.0      0.3515   0.1135   1.2880  1.2586    0.0692  10
                   3.5      0.3502   0.0874   1.1925  0.8035    0.1385  10
         ours_v2   0.5      0.3294   0.4649   2.0454  5.9611    0.4692  10
                   1.0      0.3260   0.4900   1.8592  5.1351    0.3308  10
                   1.5      0.3403   0.3463   1.5094  3.0107    0.0692  10
                   2.0      0.3430   0.2881   1.4336  2.4935    0.0923  10
                   2.5      0.3449   0.2151   1.3004  1.5644    0.0769  10
                   3.0      0.3509   0.1377   1.3065  1.4337    0.0769  10
                   3.5      0.3479   0.1393   1.1765  0.8859    0.1462  10
         privgraph 0.5      0.0130   0.4998   3.3784  0.6934    0.3846  10
                   1.0      0.0130   0.4868   3.2679  0.8761    0.3846  10
                   1.5      0.0137   0.4502   1.8376  0.5444    0.3769  10
                   2.0      0.0157   0.4287   1.2490  0.2958    0.3385  10
                   2.5      0.0185   0.4019   1.0194  0.2075    0.3000  10
                   3.0      0.0215   0.4044   0.7906  0.2468    0.2846  10
                   3.5      0.0231   0.3768   0.7633  0.1840    0.2846  10
Facebook ours      0.5      0.2427   0.0792   1.5184  0.0323    0.0500  10
                   1.0      0.2708   0.1703   0.7104  0.1330    0.1750  10
                   1.5      0.2669   0.2204   0.5488  0.2882    0.2000  10
                   2.0      0.2699   0.2596   0.4313  0.3364    0.2375  10
                   2.5      0.2955   0.2037   0.4314  0.3738    0.2375  10
                   3.0      0.2880   0.2599   0.4238  0.4663    0.2500  10
                   3.5      0.2886   0.2665   0.3695  0.4784    0.2250  10
         ours_v2   0.5      0.2442   0.0831   1.5201  0.0369    0.0625  10
                   1.0      0.2717   0.1524   0.6758  0.1129    0.1625  10
                   1.5      0.2802   0.2207   0.5016  0.3098    0.2500  10
                   2.0      0.2814   0.2230   0.4363  0.3330    0.2250  10
                   2.5      0.2865   0.2343   0.4186  0.3812    0.2250  10
                   3.0      0.2879   0.2476   0.3706  0.4342    0.2375  10
                   3.5      0.2898   0.2406   0.3586  0.4188    0.2125  10
         privgraph 0.5      0.0138   0.7564  14.5230  0.9261    0.5000  10
                   1.0      0.1360   0.5390   6.3686  0.5476    0.5000  10
                   1.5      0.1713   0.4430   2.9204  0.5043    0.4875  10
                   2.0      0.1764   0.4463   1.6622  0.6182    0.3750  10
                   2.5      0.1892   0.4162   1.0568  0.6091    0.3750  10
                   3.0      0.1860   0.4113   0.8067  0.5531    0.3625  10
                   3.5      0.1995   0.3802   0.4966  0.5963    0.3250  10

Job 2 inter_ratio 敏感性 - 150 行：
                nmi  nmi_std  mod_rel  deg_kl  cc_rel   n
inter_ratio                                              
0.05         0.3359   0.0164   0.0716  1.3501  0.2621  30
0.10         0.3191   0.0229   0.1019  1.2838  0.1804  30
0.15         0.3033   0.0223   0.1306  1.3184  0.1598  30
0.20         0.2963   0.0281   0.1856  1.3355  0.1114  30
0.30         0.2999   0.0360   0.1883  1.2500  0.0594  30
